2026-06-26 00:02:48.340: [INFO] VisibilityChanged: 0
2026-06-26 00:02:48.487: [INFO] RecordSyncInitDuration has_sync_been_enabled: 0 state: 0
2026-06-26 00:02:48.492: [INFO] RecordSyncInitDuration has_sync_been_enabled: 0 state: 0
2026-06-26 00:02:48.497: [INFO] RecordSyncInitDuration has_sync_been_enabled: 0 state: 0
2026-06-26 00:02:48.499: [INFO] RecordSyncInitDuration has_sync_been_enabled: 0 state: 0
2026-06-26 00:02:48.501: [INFO] RecordSyncInitDuration has_sync_been_enabled: 0 state: 0
2026-06-26 00:02:48.504: [INFO] RecordSyncInitDuration has_sync_been_enabled: 0 state: 0
2026-06-26 00:02:48.506: [INFO] RecordSyncInitDuration has_sync_been_enabled: 0 state: 0
2026-06-26 00:02:48.509: [INFO] RecordSyncInitDuration has_sync_been_enabled: 0 state: 0
2026-06-26 00:02:48.517: [INFO] RecordSyncInitDuration has_sync_been_enabled: 0 state: 0
2026-06-26 00:02:48.522: [INFO] RecordSyncInitDuration has_sync_been_enabled: 0 state: 0
2026-06-26 00:02:48.528: [INFO] RecordSyncInitDuration has_sync_been_enabled: 0 state: 0
2026-06-26 00:02:48.564: [INFO] BookmarkNodeAdded, ABU: 0
2026-06-26 00:02:48.564: [INFO] BookmarkModelLoaded, ids_reassigned: 0
2026-06-26 00:02:48.564: [INFO] OnDoneLoading sync enabled: 0
2026-06-26 00:02:48.705: [INFO] RecordSyncInitDuration has_sync_been_enabled: 0 state: 0
2026-06-26 00:02:58.399: [INFO] RecordSyncInitDuration has_sync_been_enabled: 0 state: 0
2026-06-26 00:02:59.377: [INFO] RecordSyncInitDuration has_sync_been_enabled: 0 state: 3
2026-06-26 00:03:01.932: [INFO] Primary account changed.
2026-06-26 00:03:01.932: [INFO] OnPrimaryAccountChanged PrimaryAccountChangeEvent::Type::kSet
2026-06-26 00:03:02.839: [INFO] RecordSyncInitDuration has_sync_been_enabled: 0 state: 3
2026-06-26 00:03:05.039: [INFO] RecordSyncInitDuration has_sync_been_enabled: 0 state: 3
2026-06-26 00:03:15.910: [INFO] BookmarkNodeAdded, ABU: 0
2026-06-26 00:03:15.911: [INFO] BookmarkNodeAdded, ABU: 0
2026-06-26 00:03:15.911: [INFO] BookmarkNodeAdded, ABU: 0
2026-06-26 00:03:15.912: [INFO] BookmarkNodeAdded, ABU: 0
2026-06-26 00:03:15.913: [INFO] BookmarkNodeAdded, ABU: 0
2026-06-26 00:03:15.914: [INFO] BookmarkNodeAdded, ABU: 0
2026-06-26 00:03:15.914: [INFO] BookmarkNodeAdded, ABU: 0
2026-06-26 00:03:15.915: [INFO] BookmarkNodeAdded, ABU: 0
2026-06-26 00:03:15.916: [INFO] BookmarkNodeAdded, ABU: 0
2026-06-26 00:03:15.917: [INFO] BookmarkNodeAdded, ABU: 0
2026-06-26 00:03:15.917: [INFO] BookmarkNodeAdded, ABU: 0
2026-06-26 00:03:15.918: [INFO] BookmarkNodeAdded, ABU: 0
2026-06-26 00:03:15.919: [INFO] BookmarkNodeAdded, ABU: 0
2026-06-26 00:03:15.920: [INFO] BookmarkNodeAdded, ABU: 0
2026-06-26 00:03:17.649: [INFO] Sync initialization duration: 4677ms
2026-06-26 00:03:20.034: [INFO] VisibilityChanged: 1
2026-06-26 00:05:17.026: [INFO] VisibilityChanged: 0
2026-06-26 00:06:27.903: [INFO] OnDoneLoading sync enabled: 1
2026-06-26 00:06:39.025: [INFO] Sync initialization duration: 1489ms
2026-06-26 00:34:26.266: [INFO] OnDoneLoading sync enabled: 0
2026-06-26 00:34:32.486: [INFO] Primary account changed.
2026-06-26 00:34:32.486: [INFO] OnPrimaryAccountChanged PrimaryAccountChangeEvent::Type::kSet
2026-06-26 00:34:34.462: [INFO] BookmarkNodeMoved
2026-06-26 00:34:34.462: [INFO] BookmarkNodeMoved
2026-06-26 00:34:34.462: [INFO] BookmarkNodeMoved
2026-06-26 00:34:34.462: [INFO] BookmarkNodeMoved
2026-06-26 00:34:34.462: [INFO] BookmarkNodeMoved
2026-06-26 00:34:35.560: [INFO] Sync initialization duration: 9286ms
2026-06-26 05:02:31.142: [INFO] OnDoneLoading sync enabled: 1
2026-06-26 05:02:44.162: [INFO] Sync initialization duration: 3174ms
2026-06-26 05:04:12.315: [INFO] VisibilityChanged: 0
2026-06-26 05:12:32.319: [INFO] OnDoneLoading sync enabled: 0
2026-06-26 05:12:37.645: [INFO] Primary account changed.
2026-06-26 05:12:37.645: [INFO] OnPrimaryAccountChanged PrimaryAccountChangeEvent::Type::kSet
2026-06-26 05:12:40.434: [INFO] BookmarkNodeMoved
2026-06-26 05:12:40.434: [INFO] BookmarkNodeMoved
2026-06-26 05:12:40.435: [INFO] BookmarkNodeMoved
2026-06-26 05:12:40.435: [INFO] BookmarkNodeMoved
2026-06-26 05:12:40.435: [INFO] BookmarkNodeMoved
2026-06-26 05:12:42.012: [INFO] Sync initialization duration: 4381ms
2026-06-26 05:22:48.238: [INFO] OnDoneLoading sync enabled: 1
2026-06-26 05:23:00.905: [INFO] Sync initialization duration: 2988ms
2026-06-26 05:59:26.086: [INFO] OnDoneLoading sync enabled: 0
2026-06-26 05:59:27.815: [INFO] Primary account changed.
2026-06-26 05:59:27.815: [INFO] OnPrimaryAccountChanged PrimaryAccountChangeEvent::Type::kSet
2026-06-26 05:59:32.040: [INFO] BookmarkNodeMoved
2026-06-26 05:59:32.041: [INFO] BookmarkNodeMoved
2026-06-26 05:59:32.041: [INFO] BookmarkNodeMoved
2026-06-26 05:59:32.041: [INFO] BookmarkNodeMoved
2026-06-26 05:59:32.041: [INFO] BookmarkNodeMoved
2026-06-26 05:59:33.312: [INFO] Sync initialization duration: 7216ms
2026-06-26 06:06:38.055: [INFO] OnDoneLoading sync enabled: 1
2026-06-26 06:06:54.963: [INFO] Sync initialization duration: 7081ms
2026-06-26 06:24:12.948: [INFO] OnDoneLoading sync enabled: 0
2026-06-26 06:24:27.790: [INFO] Primary account changed.
2026-06-26 06:24:27.790: [INFO] OnPrimaryAccountChanged PrimaryAccountChangeEvent::Type::kSet
2026-06-26 06:24:39.694: [INFO] BookmarkNodeMoved
2026-06-26 06:24:39.694: [INFO] BookmarkNodeMoved
2026-06-26 06:24:39.694: [INFO] BookmarkNodeMoved
2026-06-26 06:24:39.694: [INFO] BookmarkNodeMoved
2026-06-26 06:24:39.694: [INFO] BookmarkNodeMoved
2026-06-26 06:24:41.640: [INFO] Sync initialization duration: 28678ms
2026-06-26 06:40:07.148: [INFO] OnDoneLoading sync enabled: 1
2026-06-26 06:40:27.408: [INFO] Sync initialization duration: 10006ms
2026-06-26 06:44:54.305: [INFO] OnDoneLoading sync enabled: 0
2026-06-26 06:44:55.360: [INFO] Primary account changed.
2026-06-26 06:44:55.360: [INFO] OnPrimaryAccountChanged PrimaryAccountChangeEvent::Type::kSet
2026-06-26 06:44:57.966: [INFO] BookmarkNodeMoved
2026-06-26 06:44:57.966: [INFO] BookmarkNodeMoved
2026-06-26 06:44:57.966: [INFO] BookmarkNodeMoved
2026-06-26 06:44:57.966: [INFO] BookmarkNodeMoved
2026-06-26 06:44:57.966: [INFO] BookmarkNodeMoved
2026-06-26 06:44:59.259: [INFO] Sync initialization duration: 3906ms
2026-06-26 06:51:31.663: [INFO] OnDoneLoading sync enabled: 1
2026-06-26 06:51:42.837: [INFO] Sync initialization duration: 1289ms
2026-06-26 18:00:09.993: [INFO] OnDoneLoading sync enabled: 0
2026-06-26 18:00:47.477: [INFO] Primary account changed.
2026-06-26 18:00:47.477: [INFO] OnPrimaryAccountChanged PrimaryAccountChangeEvent::Type::kSet
2026-06-26 18:00:54.933: [INFO] BookmarkNodeMoved
2026-06-26 18:00:54.933: [INFO] BookmarkNodeMoved
2026-06-26 18:00:54.933: [INFO] BookmarkNodeMoved
2026-06-26 18:00:54.933: [INFO] BookmarkNodeMoved
2026-06-26 18:00:54.933: [INFO] BookmarkNodeMoved
2026-06-26 18:01:01.499: [INFO] Sync initialization duration: 14030ms
2026-06-26 18:12:36.272: [INFO] OnDoneLoading sync enabled: 1
2026-06-26 18:12:55.123: [INFO] Sync initialization duration: 8931ms
2026-06-26 19:57:14.817: [INFO] OnDoneLoading sync enabled: 0
2026-06-26 19:57:24.677: [INFO] Primary account changed.
2026-06-26 19:57:24.677: [INFO] OnPrimaryAccountChanged PrimaryAccountChangeEvent::Type::kSet
2026-06-26 19:57:28.308: [INFO] BookmarkNodeMoved
2026-06-26 19:57:28.308: [INFO] BookmarkNodeMoved
2026-06-26 19:57:28.308: [INFO] BookmarkNodeMoved
2026-06-26 19:57:28.308: [INFO] BookmarkNodeMoved
2026-06-26 19:57:28.308: [INFO] BookmarkNodeMoved
2026-06-26 19:57:36.509: [INFO] Sync initialization duration: 11845ms
2026-06-26 20:13:46.567: [INFO] OnDoneLoading sync enabled: 1
2026-06-26 20:14:28.871: [INFO] Sync initialization duration: 32715ms
2026-06-26 20:26:13.971: [INFO] OnDoneLoading sync enabled: 0
2026-06-26 20:26:30.896: [INFO] Primary account changed.
2026-06-26 20:26:30.896: [INFO] OnPrimaryAccountChanged PrimaryAccountChangeEvent::Type::kSet
2026-06-26 20:26:33.621: [INFO] BookmarkNodeMoved
2026-06-26 20:26:33.621: [INFO] BookmarkNodeMoved
2026-06-26 20:26:33.621: [INFO] BookmarkNodeMoved
2026-06-26 20:26:33.621: [INFO] BookmarkNodeMoved
2026-06-26 20:26:33.621: [INFO] BookmarkNodeMoved
2026-06-26 20:26:34.788: [INFO] Sync initialization duration: 20802ms
2026-06-26 21:05:01.625: [INFO] OnDoneLoading sync enabled: 1
2026-06-26 21:06:43.971: [INFO] Sync initialization duration: 91746ms
