{"logTime": "0626/195729", "correlationVector":"U7vJw4fPOUJmtcdSR1Nh6x","action":"Initial GetUpdates", "result":"", "context":Reason: NEWLY_SUPPORTED_DATATYPE. cV=U7vJw4fPOUJmtcdSR1Nh6x}
{"logTime": "0626/195730", "correlationVector":"U7vJw4fPOUJmtcdSR1Nh6x.1","action":"SyncServerConnectionManagerRequest", "result":"SYNC_SERVER_OK", "context":{"environment":"Prod_centralus_prod-s01-068-nam-centralus", "migrationStage":"NotStarted", "server":"akswtt00500003r"}}
{"logTime": "0626/195730", "correlationVector":"U7vJw4fPOUJmtcdSR1Nh6x.2","action":"ProcessGetUpdates", "result":"Done", "context":{"dataType":"Autofill Profiles", "deleted":"0", "process_failed_to_decrypt":"0", "process_pending_decryption":"0", "process_success":"22", "total":"22"}}
{"logTime": "0626/195730", "correlationVector":"U7vJw4fPOUJmtcdSR1Nh6x.3","action":"ProcessGetUpdates", "result":"Done", "context":{"dataType":"Autofill", "deleted":"0", "process_failed_to_decrypt":"0", "process_pending_decryption":"0", "process_success":"155", "total":"155"}}
{"logTime": "0626/195730", "correlationVector":"U7vJw4fPOUJmtcdSR1Nh6x.4","action":"ProcessGetUpdates", "result":"Done", "context":{"dataType":"Sessions", "deleted":"71", "process_failed_to_decrypt":"0", "process_pending_decryption":"0", "process_success":"71", "total":"71"}}
{"logTime": "0626/195730", "correlationVector":"U7vJw4fPOUJmtcdSR1Nh6x.5","action":"ProcessGetUpdates", "result":"Done", "context":{"dataType":"Saved Tab Group", "deleted":"0", "process_failed_to_decrypt":"0", "process_pending_decryption":"0", "process_success":"2", "total":"2"}}
{"logTime": "0626/195730", "correlationVector":"U7vJw4fPOUJmtcdSR1Nh6x.6","action":"GetUpdates Response", "result":"Success", "context":Received 250 update(s). cV=U7vJw4fPOUJmtcdSR1Nh6x.0;server=akswtt00500003r;cloudType=Consumer;environment=Prod_centralus_prod-s01-068-nam-centralus;migrationStage=NotStarted Some updates remain.}
{"logTime": "0626/195730", "correlationVector":"0zK/ZSMptRimkHBbuLHnsW","action":"Initial GetUpdates", "result":"", "context":Reason: NEWLY_SUPPORTED_DATATYPE. cV=0zK/ZSMptRimkHBbuLHnsW}
{"logTime": "0626/195733", "correlationVector":"0zK/ZSMptRimkHBbuLHnsW.1","action":"SyncServerConnectionManagerRequest", "result":"SYNC_SERVER_OK", "context":{"environment":"Prod_centralus_prod-s01-068-nam-centralus", "migrationStage":"NotStarted", "server":"akswtt00500007x"}}
{"logTime": "0626/195733", "correlationVector":"0zK/ZSMptRimkHBbuLHnsW.2","action":"ProcessGetUpdates", "result":"Done", "context":{"dataType":"Autofill", "deleted":"0", "process_failed_to_decrypt":"0", "process_pending_decryption":"0", "process_success":"140", "total":"140"}}
{"logTime": "0626/195733", "correlationVector":"0zK/ZSMptRimkHBbuLHnsW.3","action":"ProcessGetUpdates", "result":"Done", "context":{"dataType":"Sessions", "deleted":"103", "process_failed_to_decrypt":"0", "process_pending_decryption":"0", "process_success":"103", "total":"103"}}
{"logTime": "0626/195733", "correlationVector":"0zK/ZSMptRimkHBbuLHnsW.4","action":"ProcessGetUpdates", "result":"Done", "context":{"dataType":"Saved Tab Group", "deleted":"1", "process_failed_to_decrypt":"0", "process_pending_decryption":"0", "process_success":"3", "total":"3"}}
{"logTime": "0626/195733", "correlationVector":"0zK/ZSMptRimkHBbuLHnsW.5","action":"ProcessGetUpdates", "result":"Done", "context":{"dataType":"Edge Hub App Usage", "deleted":"0", "process_failed_to_decrypt":"0", "process_pending_decryption":"0", "process_success":"4", "total":"4"}}
{"logTime": "0626/195733", "correlationVector":"0zK/ZSMptRimkHBbuLHnsW.6","action":"GetUpdates Response", "result":"Success", "context":Received 250 update(s). cV=0zK/ZSMptRimkHBbuLHnsW.0;server=akswtt00500007x;cloudType=Consumer;environment=Prod_centralus_prod-s01-068-nam-centralus;migrationStage=NotStarted Some updates remain.}
{"logTime": "0626/195733", "correlationVector":"D+JnSOsvkY0TNF+keevnxn","action":"Initial GetUpdates", "result":"", "context":Reason: NEWLY_SUPPORTED_DATATYPE. cV=D+JnSOsvkY0TNF+keevnxn}
{"logTime": "0626/195734", "correlationVector":"D+JnSOsvkY0TNF+keevnxn.1","action":"SyncServerConnectionManagerRequest", "result":"SYNC_SERVER_OK", "context":{"environment":"Prod_centralus_prod-s01-068-nam-centralus", "migrationStage":"NotStarted", "server":"akswtt00500005i"}}
{"logTime": "0626/195734", "correlationVector":"D+JnSOsvkY0TNF+keevnxn.2","action":"ProcessGetUpdates", "result":"Done", "context":{"dataType":"Autofill Profiles", "deleted":"0", "process_failed_to_decrypt":"0", "process_pending_decryption":"0", "process_success":"1", "total":"1"}}
{"logTime": "0626/195734", "correlationVector":"D+JnSOsvkY0TNF+keevnxn.3","action":"ProcessGetUpdates", "result":"Done", "context":{"dataType":"Autofill", "deleted":"0", "process_failed_to_decrypt":"0", "process_pending_decryption":"0", "process_success":"6", "total":"6"}}
{"logTime": "0626/195734", "correlationVector":"D+JnSOsvkY0TNF+keevnxn.4","action":"ProcessGetUpdates", "result":"Done", "context":{"dataType":"Sessions", "deleted":"131", "process_failed_to_decrypt":"0", "process_pending_decryption":"0", "process_success":"148", "total":"148"}}
{"logTime": "0626/195734", "correlationVector":"D+JnSOsvkY0TNF+keevnxn.5","action":"ProcessGetUpdates", "result":"Done", "context":{"dataType":"Edge Hub App Usage", "deleted":"3", "process_failed_to_decrypt":"0", "process_pending_decryption":"0", "process_success":"7", "total":"7"}}
{"logTime": "0626/195734", "correlationVector":"D+JnSOsvkY0TNF+keevnxn.6","action":"GetUpdates Response", "result":"Success", "context":Received 162 update(s). cV=D+JnSOsvkY0TNF+keevnxn.0;server=akswtt00500005i;cloudType=Consumer;environment=Prod_centralus_prod-s01-068-nam-centralus;migrationStage=NotStarted}
{"logTime": "0626/195736", "correlationVector":"03OH5B52dv2uyf/FaaNm9k","action":"Initial GetUpdates", "result":"", "context":Reason: NEWLY_SUPPORTED_DATATYPE. cV=03OH5B52dv2uyf/FaaNm9k}
{"logTime": "0626/195737", "correlationVector":"03OH5B52dv2uyf/FaaNm9k.1","action":"SyncServerConnectionManagerRequest", "result":"SYNC_SERVER_OK", "context":{"environment":"Prod_centralus_prod-s01-068-nam-centralus", "migrationStage":"NotStarted", "server":"akswtt00500006t"}}
{"logTime": "0626/195737", "correlationVector":"03OH5B52dv2uyf/FaaNm9k.2","action":"ProcessGetUpdates", "result":"Done", "context":{"dataType":"History", "deleted":"0", "process_failed_to_decrypt":"0", "process_pending_decryption":"0", "process_success":"250", "total":"250"}}
{"logTime": "0626/195737", "correlationVector":"03OH5B52dv2uyf/FaaNm9k.3","action":"GetUpdates Response", "result":"Success", "context":Received 250 update(s). cV=03OH5B52dv2uyf/FaaNm9k.0;server=akswtt00500006t;cloudType=Consumer;environment=Prod_centralus_prod-s01-068-nam-centralus;migrationStage=NotStarted Some updates remain.}
{"logTime": "0626/195737", "correlationVector":"gcM5SMmRKYXsfIJGNd8jv0","action":"Initial GetUpdates", "result":"", "context":Reason: NEWLY_SUPPORTED_DATATYPE. cV=gcM5SMmRKYXsfIJGNd8jv0}
{"logTime": "0626/195739", "correlationVector":"gcM5SMmRKYXsfIJGNd8jv0.1","action":"SyncServerConnectionManagerRequest", "result":"SYNC_SERVER_OK", "context":{"environment":"Prod_centralus_prod-s01-068-nam-centralus", "migrationStage":"NotStarted", "server":"akswtt00500006t"}}
{"logTime": "0626/195739", "correlationVector":"gcM5SMmRKYXsfIJGNd8jv0.2","action":"ProcessGetUpdates", "result":"Done", "context":{"dataType":"History", "deleted":"0", "process_failed_to_decrypt":"0", "process_pending_decryption":"0", "process_success":"250", "total":"250"}}
{"logTime": "0626/195739", "correlationVector":"gcM5SMmRKYXsfIJGNd8jv0.3","action":"GetUpdates Response", "result":"Success", "context":Received 250 update(s). cV=gcM5SMmRKYXsfIJGNd8jv0.0;server=akswtt00500006t;cloudType=Consumer;environment=Prod_centralus_prod-s01-068-nam-centralus;migrationStage=NotStarted Some updates remain.}
{"logTime": "0626/195739", "correlationVector":"4XT4rZnc6zD0d9NBeXY/AQ","action":"Initial GetUpdates", "result":"", "context":Reason: NEWLY_SUPPORTED_DATATYPE. cV=4XT4rZnc6zD0d9NBeXY/AQ}
{"logTime": "0626/195740", "correlationVector":"4XT4rZnc6zD0d9NBeXY/AQ.1","action":"SyncServerConnectionManagerRequest", "result":"SYNC_SERVER_OK", "context":{"environment":"Prod_centralus_prod-s01-068-nam-centralus", "migrationStage":"NotStarted", "server":"akswtt00500007x"}}
{"logTime": "0626/195740", "correlationVector":"4XT4rZnc6zD0d9NBeXY/AQ.2","action":"ProcessGetUpdates", "result":"Done", "context":{"dataType":"History", "deleted":"0", "process_failed_to_decrypt":"0", "process_pending_decryption":"0", "process_success":"250", "total":"250"}}
{"logTime": "0626/195740", "correlationVector":"4XT4rZnc6zD0d9NBeXY/AQ.3","action":"GetUpdates Response", "result":"Success", "context":Received 250 update(s). cV=4XT4rZnc6zD0d9NBeXY/AQ.0;server=akswtt00500007x;cloudType=Consumer;environment=Prod_centralus_prod-s01-068-nam-centralus;migrationStage=NotStarted Some updates remain.}
{"logTime": "0626/195740", "correlationVector":"+HleZbZB84EUzMXF5099of","action":"Initial GetUpdates", "result":"", "context":Reason: NEWLY_SUPPORTED_DATATYPE. cV=+HleZbZB84EUzMXF5099of}
{"logTime": "0626/195741", "correlationVector":"+HleZbZB84EUzMXF5099of.1","action":"SyncServerConnectionManagerRequest", "result":"SYNC_SERVER_OK", "context":{"environment":"Prod_centralus_prod-s01-068-nam-centralus", "migrationStage":"NotStarted", "server":"akswtt00500006k"}}
{"logTime": "0626/195741", "correlationVector":"+HleZbZB84EUzMXF5099of.2","action":"ProcessGetUpdates", "result":"Done", "context":{"dataType":"History", "deleted":"0", "process_failed_to_decrypt":"0", "process_pending_decryption":"0", "process_success":"250", "total":"250"}}
{"logTime": "0626/195741", "correlationVector":"+HleZbZB84EUzMXF5099of.3","action":"GetUpdates Response", "result":"Success", "context":Received 250 update(s). cV=+HleZbZB84EUzMXF5099of.0;server=akswtt00500006k;cloudType=Consumer;environment=Prod_centralus_prod-s01-068-nam-centralus;migrationStage=NotStarted Some updates remain.}
{"logTime": "0626/195741", "correlationVector":"FkMwfFZQekodKjbNHjMfs5","action":"Initial GetUpdates", "result":"", "context":Reason: NEWLY_SUPPORTED_DATATYPE. cV=FkMwfFZQekodKjbNHjMfs5}
{"logTime": "0626/195741", "correlationVector":"FkMwfFZQekodKjbNHjMfs5.1","action":"SyncServerConnectionManagerRequest", "result":"SYNC_SERVER_OK", "context":{"environment":"Prod_centralus_prod-s01-068-nam-centralus", "migrationStage":"NotStarted", "server":"akswtt005000039"}}
{"logTime": "0626/195741", "correlationVector":"FkMwfFZQekodKjbNHjMfs5.2","action":"ProcessGetUpdates", "result":"Done", "context":{"dataType":"History", "deleted":"0", "process_failed_to_decrypt":"0", "process_pending_decryption":"0", "process_success":"250", "total":"250"}}
{"logTime": "0626/195741", "correlationVector":"FkMwfFZQekodKjbNHjMfs5.3","action":"GetUpdates Response", "result":"Success", "context":Received 250 update(s). cV=FkMwfFZQekodKjbNHjMfs5.0;server=akswtt005000039;cloudType=Consumer;environment=Prod_centralus_prod-s01-068-nam-centralus;migrationStage=NotStarted Some updates remain.}
{"logTime": "0626/195741", "correlationVector":"MJcbGR1ZwBJeaLDBqFb8g1","action":"Initial GetUpdates", "result":"", "context":Reason: NEWLY_SUPPORTED_DATATYPE. cV=MJcbGR1ZwBJeaLDBqFb8g1}
{"logTime": "0626/195741", "correlationVector":"MJcbGR1ZwBJeaLDBqFb8g1.1","action":"SyncServerConnectionManagerRequest", "result":"SYNC_SERVER_OK", "context":{"environment":"Prod_centralus_prod-s01-068-nam-centralus", "migrationStage":"NotStarted", "server":"akswtt00500006k"}}
{"logTime": "0626/195741", "correlationVector":"MJcbGR1ZwBJeaLDBqFb8g1.2","action":"ProcessGetUpdates", "result":"Done", "context":{"dataType":"History", "deleted":"0", "process_failed_to_decrypt":"0", "process_pending_decryption":"0", "process_success":"250", "total":"250"}}
{"logTime": "0626/195741", "correlationVector":"MJcbGR1ZwBJeaLDBqFb8g1.3","action":"GetUpdates Response", "result":"Success", "context":Received 250 update(s). cV=MJcbGR1ZwBJeaLDBqFb8g1.0;server=akswtt00500006k;cloudType=Consumer;environment=Prod_centralus_prod-s01-068-nam-centralus;migrationStage=NotStarted Some updates remain.}
{"logTime": "0626/195741", "correlationVector":"8ufS3GHhZsLvnCbRsuSqnP","action":"Initial GetUpdates", "result":"", "context":Reason: NEWLY_SUPPORTED_DATATYPE. cV=8ufS3GHhZsLvnCbRsuSqnP}
{"logTime": "0626/195742", "correlationVector":"8ufS3GHhZsLvnCbRsuSqnP.1","action":"SyncServerConnectionManagerRequest", "result":"SYNC_SERVER_OK", "context":{"environment":"Prod_centralus_prod-s01-068-nam-centralus", "migrationStage":"NotStarted", "server":"akswtt00500003i"}}
{"logTime": "0626/195742", "correlationVector":"8ufS3GHhZsLvnCbRsuSqnP.2","action":"ProcessGetUpdates", "result":"Done", "context":{"dataType":"History", "deleted":"0", "process_failed_to_decrypt":"0", "process_pending_decryption":"0", "process_success":"250", "total":"250"}}
{"logTime": "0626/195742", "correlationVector":"8ufS3GHhZsLvnCbRsuSqnP.3","action":"GetUpdates Response", "result":"Success", "context":Received 250 update(s). cV=8ufS3GHhZsLvnCbRsuSqnP.0;server=akswtt00500003i;cloudType=Consumer;environment=Prod_centralus_prod-s01-068-nam-centralus;migrationStage=NotStarted Some updates remain.}
{"logTime": "0626/195742", "correlationVector":"RZaJzecjZSjoLAaGPSQVlA","action":"Initial GetUpdates", "result":"", "context":Reason: NEWLY_SUPPORTED_DATATYPE. cV=RZaJzecjZSjoLAaGPSQVlA}
{"logTime": "0626/195743", "correlationVector":"RZaJzecjZSjoLAaGPSQVlA.1","action":"SyncServerConnectionManagerRequest", "result":"SYNC_SERVER_OK", "context":{"environment":"Prod_centralus_prod-s01-068-nam-centralus", "migrationStage":"NotStarted", "server":"akswtt00500003r"}}
{"logTime": "0626/195743", "correlationVector":"RZaJzecjZSjoLAaGPSQVlA.2","action":"ProcessGetUpdates", "result":"Done", "context":{"dataType":"History", "deleted":"0", "process_failed_to_decrypt":"0", "process_pending_decryption":"0", "process_success":"174", "total":"174"}}
{"logTime": "0626/195743", "correlationVector":"RZaJzecjZSjoLAaGPSQVlA.3","action":"GetUpdates Response", "result":"Success", "context":Received 174 update(s). cV=RZaJzecjZSjoLAaGPSQVlA.0;server=akswtt00500003r;cloudType=Consumer;environment=Prod_centralus_prod-s01-068-nam-centralus;migrationStage=NotStarted}
{"logTime": "0626/195747", "correlationVector":"K3oobqDaHuGcFMKxE5ix2Q","action":"Normal GetUpdate request", "result":"", "context":cV=K3oobqDaHuGcFMKxE5ix2Q
Nudged types: Sessions, Device Info
Refresh requested types: Bookmarks, Preferences, Passwords, Autofill Profiles, Autofill, Extensions, Sessions, Extension settings, History Delete Directives, Device Info, User Consents, Send Tab To Self, Web Apps, History, Saved Tab Group, WebAuthn Credentials, Edge E Drop, Edge Hub App Usage, Edge Wallet, Edge Workspace, Encryption Keys}
{"logTime": "0626/195747", "correlationVector":"K3oobqDaHuGcFMKxE5ix2Q.1","action":"SyncServerConnectionManagerRequest", "result":"SYNC_SERVER_OK", "context":{"environment":"Prod_centralus_prod-s01-068-nam-centralus", "migrationStage":"NotStarted", "server":"akswtt00500003i"}}
{"logTime": "0626/195747", "correlationVector":"K3oobqDaHuGcFMKxE5ix2Q.2","action":"ProcessGetUpdates", "result":"Done", "context":{"dataType":"Preferences", "deleted":"0", "process_failed_to_decrypt":"0", "process_pending_decryption":"0", "process_success":"1", "total":"1"}}
{"logTime": "0626/195747", "correlationVector":"K3oobqDaHuGcFMKxE5ix2Q.3","action":"GetUpdates Response", "result":"Success", "context":Received 1 update(s). cV=K3oobqDaHuGcFMKxE5ix2Q.0;server=akswtt00500003i;cloudType=Consumer;environment=Prod_centralus_prod-s01-068-nam-centralus;migrationStage=NotStarted}
{"logTime": "0626/195747", "correlationVector":"PzyEGDx1mpJf1VDtfA1Akq","action":"Commit Request", "result":"", "context":Item count: 3
Contributing types: Sessions, Device Info}
{"logTime": "0626/195747", "correlationVector":"PzyEGDx1mpJf1VDtfA1Akq.1","action":"SyncServerConnectionManagerRequest", "result":"SYNC_SERVER_OK", "context":{"environment":"Prod_centralus_prod-s01-068-nam-centralus", "migrationStage":"NotStarted", "server":"akswtt00500005i"}}
{"logTime": "0626/195747", "correlationVector":"PzyEGDx1mpJf1VDtfA1Akq.2","action":"Commit Response", "result":"Success", "context":Result: Success. cV=PzyEGDx1mpJf1VDtfA1Akq.0;server=akswtt00500005i;cloudType=Consumer;environment=Prod_centralus_prod-s01-068-nam-centralus;migrationStage=NotStarted}
{"logTime": "0626/195815", "correlationVector":"v8IMNP+IX10MYOQw6c7UiO","action":"Commit Request", "result":"", "context":Item count: 2
Contributing types: Sessions, History}
{"logTime": "0626/195816", "correlationVector":"v8IMNP+IX10MYOQw6c7UiO.1","action":"SyncServerConnectionManagerRequest", "result":"SYNC_SERVER_OK", "context":{"environment":"Prod_centralus_prod-s01-068-nam-centralus", "migrationStage":"NotStarted", "server":"akswtt00500006t"}}
{"logTime": "0626/195816", "correlationVector":"v8IMNP+IX10MYOQw6c7UiO.2","action":"Commit Response", "result":"Success", "context":Result: Success. cV=v8IMNP+IX10MYOQw6c7UiO.0;server=akswtt00500006t;cloudType=Consumer;environment=Prod_centralus_prod-s01-068-nam-centralus;migrationStage=NotStarted}
{"logTime": "0626/195922", "correlationVector":"c4Y5lg4lHbf7fdUvS7q0z+","action":"Commit Request", "result":"", "context":Item count: 7
Contributing types: Sessions, History}
{"logTime": "0626/195925", "correlationVector":"c4Y5lg4lHbf7fdUvS7q0z+.1","action":"SyncServerConnectionManagerRequest", "result":"SYNC_SERVER_OK", "context":{"environment":"Prod_centralus_prod-s01-068-nam-centralus", "migrationStage":"NotStarted", "server":"akswtt005000073"}}
{"logTime": "0626/195925", "correlationVector":"c4Y5lg4lHbf7fdUvS7q0z+.2","action":"Commit Response", "result":"Success", "context":Result: Success. cV=c4Y5lg4lHbf7fdUvS7q0z+.0;server=akswtt005000073;cloudType=Consumer;environment=Prod_centralus_prod-s01-068-nam-centralus;migrationStage=NotStarted}
{"logTime": "0626/200005", "correlationVector":"f6JNiY5nYR7hxinKXQI5Es","action":"Commit Request", "result":"", "context":Item count: 40
Contributing types: Passwords}
{"logTime": "0626/200006", "correlationVector":"f6JNiY5nYR7hxinKXQI5Es.1","action":"SyncServerConnectionManagerRequest", "result":"SYNC_SERVER_OK", "context":{"environment":"Prod_centralus_prod-s01-068-nam-centralus", "migrationStage":"NotStarted", "server":"akswtt00500006h"}}
{"logTime": "0626/200006", "correlationVector":"f6JNiY5nYR7hxinKXQI5Es.2","action":"Commit Response", "result":"Success", "context":Result: Success. cV=f6JNiY5nYR7hxinKXQI5Es.0;server=akswtt00500006h;cloudType=Consumer;environment=Prod_centralus_prod-s01-068-nam-centralus;migrationStage=NotStarted}
{"logTime": "0626/200006", "correlationVector":"CarZViOniOoc9gYaSXkxso","action":"Commit Request", "result":"", "context":Item count: 18
Contributing types: Preferences, Passwords, Sessions, History}
{"logTime": "0626/200007", "correlationVector":"CarZViOniOoc9gYaSXkxso.1","action":"SyncServerConnectionManagerRequest", "result":"SYNC_SERVER_OK", "context":{"environment":"Prod_centralus_prod-s01-068-nam-centralus", "migrationStage":"NotStarted", "server":"akswtt005000073"}}
{"logTime": "0626/200007", "correlationVector":"CarZViOniOoc9gYaSXkxso.2","action":"Commit Response", "result":"Success", "context":Result: Success. cV=CarZViOniOoc9gYaSXkxso.0;server=akswtt005000073;cloudType=Consumer;environment=Prod_centralus_prod-s01-068-nam-centralus;migrationStage=NotStarted}
{"logTime": "0626/200149", "correlationVector":"XDWfSVgDZEVnpWYnqRO7gr","action":"Commit Request", "result":"", "context":Item count: 4
Contributing types: Sessions, History}
{"logTime": "0626/200150", "correlationVector":"XDWfSVgDZEVnpWYnqRO7gr.1","action":"SyncServerConnectionManagerRequest", "result":"SYNC_SERVER_OK", "context":{"environment":"Prod_centralus_prod-s01-068-nam-centralus", "migrationStage":"NotStarted", "server":"akswtt00500006y"}}
{"logTime": "0626/200150", "correlationVector":"XDWfSVgDZEVnpWYnqRO7gr.2","action":"Commit Response", "result":"Success", "context":Result: Success. cV=XDWfSVgDZEVnpWYnqRO7gr.0;server=akswtt00500006y;cloudType=Consumer;environment=Prod_centralus_prod-s01-068-nam-centralus;migrationStage=NotStarted}
{"logTime": "0626/201428", "correlationVector":"lLc/KSuCDxij+c87QtVSql.1","action":"SyncServerConnectionManagerRequest", "result":"SYNC_SERVER_OK", "context":{"environment":"Prod_centralus_prod-s01-068-nam-centralus", "migrationStage":"NotStarted", "server":"akswtt005000045"}}
{"logTime": "0626/201428", "correlationVector":"lLc/KSuCDxij+c87QtVSql.2","action":"ProcessGetUpdates", "result":"Done", "context":{"dataType":"Encryption Keys", "deleted":"0", "process_failed_to_decrypt":"0", "process_pending_decryption":"0", "process_success":"1", "total":"1"}}
{"logTime": "0626/201428", "correlationVector":"lLc/KSuCDxij+c87QtVSql","action":"Initial GetUpdates", "result":"", "context":Reason: NEW_CLIENT. cV=lLc/KSuCDxij+c87QtVSql}
{"logTime": "0626/201428", "correlationVector":"lLc/KSuCDxij+c87QtVSql.3","action":"GetUpdates Response", "result":"Success", "context":Received 1 update(s). cV=lLc/KSuCDxij+c87QtVSql.0;server=akswtt005000045;cloudType=Consumer;environment=Prod_centralus_prod-s01-068-nam-centralus;migrationStage=NotStarted}
{"logTime": "0626/201428", "correlationVector":"PTT/DPz70aa0sfX9/tyl4a","action":"Normal GetUpdate request", "result":"", "context":cV=PTT/DPz70aa0sfX9/tyl4a
Nudged types: Sessions, History
Refresh requested types: Bookmarks, Preferences, Extensions, Sessions, Extension settings, History Delete Directives, Device Info, User Consents, Send Tab To Self, Web Apps, History, Saved Tab Group, WebAuthn Credentials, Edge E Drop, Edge Hub App Usage, Edge Wallet, Edge Workspace, Encryption Keys}
{"logTime": "0626/201429", "correlationVector":"PTT/DPz70aa0sfX9/tyl4a.1","action":"SyncServerConnectionManagerRequest", "result":"SYNC_SERVER_OK", "context":{"environment":"Prod_centralus_prod-s01-068-nam-centralus", "migrationStage":"NotStarted", "server":"akswtt00500003k"}}
{"logTime": "0626/201429", "correlationVector":"PTT/DPz70aa0sfX9/tyl4a.2","action":"ProcessGetUpdates", "result":"Done", "context":{"dataType":"Preferences", "deleted":"0", "process_failed_to_decrypt":"0", "process_pending_decryption":"0", "process_success":"1", "total":"1"}}
{"logTime": "0626/201429", "correlationVector":"PTT/DPz70aa0sfX9/tyl4a.3","action":"ProcessGetUpdates", "result":"Done", "context":{"dataType":"Sessions", "deleted":"0", "process_failed_to_decrypt":"0", "process_pending_decryption":"0", "process_success":"2", "total":"2"}}
{"logTime": "0626/201429", "correlationVector":"PTT/DPz70aa0sfX9/tyl4a.4","action":"ProcessGetUpdates", "result":"Done", "context":{"dataType":"Device Info", "deleted":"0", "process_failed_to_decrypt":"0", "process_pending_decryption":"0", "process_success":"1", "total":"1"}}
{"logTime": "0626/201429", "correlationVector":"PTT/DPz70aa0sfX9/tyl4a.5","action":"ProcessGetUpdates", "result":"Done", "context":{"dataType":"History", "deleted":"0", "process_failed_to_decrypt":"0", "process_pending_decryption":"0", "process_success":"9", "total":"9"}}
{"logTime": "0626/201429", "correlationVector":"PTT/DPz70aa0sfX9/tyl4a.6","action":"GetUpdates Response", "result":"Success", "context":Received 13 update(s). cV=PTT/DPz70aa0sfX9/tyl4a.0;server=akswtt00500003k;cloudType=Consumer;environment=Prod_centralus_prod-s01-068-nam-centralus;migrationStage=NotStarted}
{"logTime": "0626/201429", "correlationVector":"kGhJ5rORbEgI2KreHwfo8I","action":"Commit Request", "result":"", "context":Item count: 4
Contributing types: Sessions, History}
{"logTime": "0626/201429", "correlationVector":"kGhJ5rORbEgI2KreHwfo8I.1","action":"SyncServerConnectionManagerRequest", "result":"SYNC_SERVER_OK", "context":{"environment":"Prod_centralus_prod-s01-068-nam-centralus", "migrationStage":"NotStarted", "server":"akswtt005000039"}}
{"logTime": "0626/201429", "correlationVector":"kGhJ5rORbEgI2KreHwfo8I.2","action":"Commit Response", "result":"Success", "context":Result: Success. cV=kGhJ5rORbEgI2KreHwfo8I.0;server=akswtt005000039;cloudType=Consumer;environment=Prod_centralus_prod-s01-068-nam-centralus;migrationStage=NotStarted}
{"logTime": "0626/201430", "correlationVector":"NWJToZ70Mgei31ZAaDi7Nq","action":"SyncServerConnectionManagerRequest", "result":"SYNC_SERVER_OK", "context":{"environment":"", "migrationStage":"", "server":""}}
{"logTime": "0626/201430", "correlationVector":"NWJToZ70Mgei31ZAaDi7Nq.0","action":"EncryptionKeysFetcher.DownloadKeys:", "result":"Success", "context":Key count: 10, Last key timestamp: 2026-06-02T18:04:06Z}
{"logTime": "0626/201430", "correlationVector":"NWJToZ70Mgei31ZAaDi7Nq.1","action":"EncryptionKeysManager::SetEncryptionKeys:", "result":"Success", "context":Key names[10]:[zna22YhNmDgTYUdF9zGfGcEBkp93BU0QhFNvaCnB7TYZAm9VrNcWcoIyd9qbT0QRBBd3w2tNfjYmpzY2uW8Gpw==][FuDyV8lvdZoT32s2YvfdXeNNkgEMmKH2ZPBrQQU6utV3iD9OIfSaRe54e5eY9d4MvDL8UNbK8yvndmSNbP7yFQ==][MFGY87kAyALSXqcYbAT+4TxOlZRXDCYK50lmzLQqRT9Oq2dJ4raXhDWQl1wGW2JEfHIbTNgB1jmSRYNP8vPWfA==][LJUkO84C4GeuNWoIjjBRcV1CYZ/S65fHmQMdUyB0uqiGAp5iHoZStrC4sMkOLxX/0XZKNbFmP2+xG+abqN8tJg==][aG/M/23NWZQEumERxBsg6uOXVFoMh5UNmhoT+tI9ISqpdEbFdS36ieUQK1RGWlHB5lY+8Piy6B5mMFWpzQANXw==][wzd7CC/r7wDr7voHFcKId4KePfsivcdg4NcttQx1rckQUOi7v4cfzWl2bGe7tXEnv+ec9hfW8pCGgL8pcmXv8g==][2+HJ30dqrX+Nf+bE7oU/jVjr6U6hZtyFaPau1JBk1Cvq9FXiKor7KkpinFhDkLrvltkd9m9RBHmvLdJ4LQWGjA==][takn+QHECkCugmXvZbCbR6SnVVDAILY5bafe38QrdWYDYJXuNUlvoxc6XQGssujLhPvHewMmAW/KBn6RlYWO+w==][YiMvSFd+i4ko5WHkdzeeqRlnX0c/ennJjTeTazx2yWeyy6bKPOD36SfnzYmwCiz4vzm9bfvlu6e/bLJ05Y0M3w==][m+60iec8yjWa9H6Sy4WUFBbZoOOMUb9eSUe+fgsVl5UQy6lHBKgiGOQSZ520pt1gTFxoKiyFu1mnfMH/1fh1AA==]}
{"logTime": "0626/201430", "correlationVector":"NWJToZ70Mgei31ZAaDi7Nq.2","action":"EncryptionKeysManager::SetEncryptionKeysWithTimestamps:", "result":"Success", "context":Key timestamps[10]:[2022-06-12T23:29:34Z][2022-12-10T01:24:12Z][2023-06-08T15:07:07Z][2023-08-04T02:31:33Z][2024-03-01T03:15:53Z][2024-08-28T16:30:47Z][2025-03-07T00:48:14Z][2025-07-29T05:48:07Z][2025-11-29T04:54:52Z][2026-06-02T18:04:06Z]}
{"logTime": "0626/201430", "correlationVector":"XvMykiLiTJbpimplKD8hgc","action":"Initial GetUpdates", "result":"", "context":Reason: NEWLY_SUPPORTED_DATATYPE. cV=XvMykiLiTJbpimplKD8hgc}
{"logTime": "0626/201430", "correlationVector":"XvMykiLiTJbpimplKD8hgc.1","action":"SyncServerConnectionManagerRequest", "result":"SYNC_SERVER_OK", "context":{"environment":"Prod_centralus_prod-s01-068-nam-centralus", "migrationStage":"NotStarted", "server":"akswtt005000052"}}
{"logTime": "0626/201430", "correlationVector":"XvMykiLiTJbpimplKD8hgc.2","action":"ProcessGetUpdates", "result":"Done", "context":{"dataType":"Passwords", "deleted":"2", "process_failed_to_decrypt":"0", "process_pending_decryption":"0", "process_success":"113", "total":"113"}}
{"logTime": "0626/201430", "correlationVector":"XvMykiLiTJbpimplKD8hgc.3","action":"GetUpdates Response", "result":"Success", "context":Received 113 update(s). cV=XvMykiLiTJbpimplKD8hgc.0;server=akswtt005000052;cloudType=Consumer;environment=Prod_centralus_prod-s01-068-nam-centralus;migrationStage=NotStarted}
{"logTime": "0626/201439", "correlationVector":"aIWgSzTtV1oaY6O7mMqE1j","action":"Normal GetUpdate request", "result":"", "context":cV=aIWgSzTtV1oaY6O7mMqE1j
Nudged types: Sessions, History
Refresh requested types: Bookmarks, Preferences, Passwords, Autofill Profiles, Autofill, Extensions, Sessions, Extension settings, History Delete Directives, Device Info, User Consents, Send Tab To Self, Web Apps, History, Saved Tab Group, WebAuthn Credentials, Edge E Drop, Edge Hub App Usage, Edge Wallet, Edge Workspace, Encryption Keys}
{"logTime": "0626/201439", "correlationVector":"aIWgSzTtV1oaY6O7mMqE1j.1","action":"SyncServerConnectionManagerRequest", "result":"SYNC_SERVER_OK", "context":{"environment":"Prod_centralus_prod-s01-068-nam-centralus", "migrationStage":"NotStarted", "server":"akswtt00500007t"}}
{"logTime": "0626/201439", "correlationVector":"aIWgSzTtV1oaY6O7mMqE1j.2","action":"ProcessGetUpdates", "result":"Done", "context":{"dataType":"Sessions", "deleted":"0", "process_failed_to_decrypt":"0", "process_pending_decryption":"0", "process_success":"2", "total":"2"}}
{"logTime": "0626/201439", "correlationVector":"aIWgSzTtV1oaY6O7mMqE1j.3","action":"ProcessGetUpdates", "result":"Done", "context":{"dataType":"History", "deleted":"0", "process_failed_to_decrypt":"0", "process_pending_decryption":"0", "process_success":"2", "total":"2"}}
{"logTime": "0626/201439", "correlationVector":"aIWgSzTtV1oaY6O7mMqE1j.4","action":"GetUpdates Response", "result":"Success", "context":Received 4 update(s). cV=aIWgSzTtV1oaY6O7mMqE1j.0;server=akswtt00500007t;cloudType=Consumer;environment=Prod_centralus_prod-s01-068-nam-centralus;migrationStage=NotStarted}
{"logTime": "0626/201447", "correlationVector":"uJujz6oRYNEmpF9um0JOhT","action":"Commit Request", "result":"", "context":Item count: 5
Contributing types: Preferences, Sessions, History}
{"logTime": "0626/201447", "correlationVector":"uJujz6oRYNEmpF9um0JOhT.1","action":"SyncServerConnectionManagerRequest", "result":"SYNC_SERVER_OK", "context":{"environment":"Prod_centralus_prod-s01-068-nam-centralus", "migrationStage":"NotStarted", "server":"akswtt00500006h"}}
{"logTime": "0626/201447", "correlationVector":"uJujz6oRYNEmpF9um0JOhT.2","action":"Commit Response", "result":"Success", "context":Result: Success. cV=uJujz6oRYNEmpF9um0JOhT.0;server=akswtt00500006h;cloudType=Consumer;environment=Prod_centralus_prod-s01-068-nam-centralus;migrationStage=NotStarted}
{"logTime": "0626/201449", "correlationVector":"s8y8qzDSqbrTtb3cwokkyg","action":"Commit Request", "result":"", "context":Item count: 1
Contributing types: Preferences}
{"logTime": "0626/201450", "correlationVector":"s8y8qzDSqbrTtb3cwokkyg.1","action":"SyncServerConnectionManagerRequest", "result":"SYNC_SERVER_OK", "context":{"environment":"Prod_centralus_prod-s01-068-nam-centralus", "migrationStage":"NotStarted", "server":"akswtt005000074"}}
{"logTime": "0626/201450", "correlationVector":"s8y8qzDSqbrTtb3cwokkyg.3","action":"Commit.Preferences", "result":"Success", "context":{"id":"a3714d01-777b-4581-8a48-b0f5fecd9852", "isDeleted":"true", "size":"0", "version":"1782504886826"}}
{"logTime": "0626/201450", "correlationVector":"s8y8qzDSqbrTtb3cwokkyg.2","action":"Commit Response", "result":"Success", "context":Result: Success. cV=s8y8qzDSqbrTtb3cwokkyg.0;server=akswtt005000074;cloudType=Consumer;environment=Prod_centralus_prod-s01-068-nam-centralus;migrationStage=NotStarted}
{"logTime": "0626/201546", "correlationVector":"HfT7weEwgZW0eRN+cJEgPm","action":"Commit Request", "result":"", "context":Item count: 40
Contributing types: Passwords}
{"logTime": "0626/201547", "correlationVector":"HfT7weEwgZW0eRN+cJEgPm.1","action":"SyncServerConnectionManagerRequest", "result":"SYNC_SERVER_OK", "context":{"environment":"Prod_centralus_prod-s01-068-nam-centralus", "migrationStage":"NotStarted", "server":"akswtt00500003f"}}
{"logTime": "0626/201547", "correlationVector":"HfT7weEwgZW0eRN+cJEgPm.2","action":"Commit Response", "result":"Success", "context":Result: Success. cV=HfT7weEwgZW0eRN+cJEgPm.0;server=akswtt00500003f;cloudType=Consumer;environment=Prod_centralus_prod-s01-068-nam-centralus;migrationStage=NotStarted}
{"logTime": "0626/201547", "correlationVector":"Ak/ImfhW2F/Uwz+k5unVGf","action":"Commit Request", "result":"", "context":Item count: 40
Contributing types: Passwords}
{"logTime": "0626/201548", "correlationVector":"Ak/ImfhW2F/Uwz+k5unVGf.1","action":"SyncServerConnectionManagerRequest", "result":"SYNC_SERVER_OK", "context":{"environment":"Prod_centralus_prod-s01-068-nam-centralus", "migrationStage":"NotStarted", "server":"akswtt00500004z"}}
{"logTime": "0626/201548", "correlationVector":"Ak/ImfhW2F/Uwz+k5unVGf.2","action":"Commit Response", "result":"Success", "context":Result: Success. cV=Ak/ImfhW2F/Uwz+k5unVGf.0;server=akswtt00500004z;cloudType=Consumer;environment=Prod_centralus_prod-s01-068-nam-centralus;migrationStage=NotStarted}
{"logTime": "0626/201548", "correlationVector":"y7xopCgWSR6LnziGECW0OM","action":"Commit Request", "result":"", "context":Item count: 12
Contributing types: Preferences, Passwords, Sessions, History}
{"logTime": "0626/201549", "correlationVector":"y7xopCgWSR6LnziGECW0OM.1","action":"SyncServerConnectionManagerRequest", "result":"SYNC_SERVER_OK", "context":{"environment":"Prod_centralus_prod-s01-068-nam-centralus", "migrationStage":"NotStarted", "server":"akswtt00500006t"}}
{"logTime": "0626/201549", "correlationVector":"y7xopCgWSR6LnziGECW0OM.2","action":"Commit Response", "result":"Success", "context":Result: Success. cV=y7xopCgWSR6LnziGECW0OM.0;server=akswtt00500006t;cloudType=Consumer;environment=Prod_centralus_prod-s01-068-nam-centralus;migrationStage=NotStarted}
{"logTime": "0626/202632", "correlationVector":"pphuv0JuAIv1TgPt/MYwG/.1","action":"SyncServerConnectionManagerRequest", "result":"SYNC_SERVER_OK", "context":{"environment":"Prod_centralus_prod-s01-068-nam-centralus", "migrationStage":"NotStarted", "server":"akswtt00500003o"}}
{"logTime": "0626/202632", "correlationVector":"pphuv0JuAIv1TgPt/MYwG/.2","action":"ProcessGetUpdates", "result":"Done", "context":{"dataType":"Encryption Keys", "deleted":"0", "process_failed_to_decrypt":"0", "process_pending_decryption":"0", "process_success":"1", "total":"1"}}
{"logTime": "0626/202633", "correlationVector":"iV0APeSEjBDdHr8XbMbOyo","action":"SyncServerConnectionManagerRequest", "result":"SYNC_SERVER_OK", "context":{"environment":"", "migrationStage":"", "server":""}}
{"logTime": "0626/202633", "correlationVector":"iV0APeSEjBDdHr8XbMbOyo.0","action":"EncryptionKeysFetcher.DownloadKeys:", "result":"Success", "context":Key count: 10, Last key timestamp: 2026-06-02T18:04:06Z}
{"logTime": "0626/202633", "correlationVector":"iV0APeSEjBDdHr8XbMbOyo.1","action":"EncryptionKeysManager::SetEncryptionKeys:", "result":"Success", "context":Key names[10]:[zna22YhNmDgTYUdF9zGfGcEBkp93BU0QhFNvaCnB7TYZAm9VrNcWcoIyd9qbT0QRBBd3w2tNfjYmpzY2uW8Gpw==][FuDyV8lvdZoT32s2YvfdXeNNkgEMmKH2ZPBrQQU6utV3iD9OIfSaRe54e5eY9d4MvDL8UNbK8yvndmSNbP7yFQ==][MFGY87kAyALSXqcYbAT+4TxOlZRXDCYK50lmzLQqRT9Oq2dJ4raXhDWQl1wGW2JEfHIbTNgB1jmSRYNP8vPWfA==][LJUkO84C4GeuNWoIjjBRcV1CYZ/S65fHmQMdUyB0uqiGAp5iHoZStrC4sMkOLxX/0XZKNbFmP2+xG+abqN8tJg==][aG/M/23NWZQEumERxBsg6uOXVFoMh5UNmhoT+tI9ISqpdEbFdS36ieUQK1RGWlHB5lY+8Piy6B5mMFWpzQANXw==][wzd7CC/r7wDr7voHFcKId4KePfsivcdg4NcttQx1rckQUOi7v4cfzWl2bGe7tXEnv+ec9hfW8pCGgL8pcmXv8g==][2+HJ30dqrX+Nf+bE7oU/jVjr6U6hZtyFaPau1JBk1Cvq9FXiKor7KkpinFhDkLrvltkd9m9RBHmvLdJ4LQWGjA==][takn+QHECkCugmXvZbCbR6SnVVDAILY5bafe38QrdWYDYJXuNUlvoxc6XQGssujLhPvHewMmAW/KBn6RlYWO+w==][YiMvSFd+i4ko5WHkdzeeqRlnX0c/ennJjTeTazx2yWeyy6bKPOD36SfnzYmwCiz4vzm9bfvlu6e/bLJ05Y0M3w==][m+60iec8yjWa9H6Sy4WUFBbZoOOMUb9eSUe+fgsVl5UQy6lHBKgiGOQSZ520pt1gTFxoKiyFu1mnfMH/1fh1AA==]}
{"logTime": "0626/202633", "correlationVector":"iV0APeSEjBDdHr8XbMbOyo.2","action":"EncryptionKeysManager::SetEncryptionKeysWithTimestamps:", "result":"Success", "context":Key timestamps[10]:[2022-06-12T23:29:34Z][2022-12-10T01:24:12Z][2023-06-08T15:07:07Z][2023-08-04T02:31:33Z][2024-03-01T03:15:53Z][2024-08-28T16:30:47Z][2025-03-07T00:48:14Z][2025-07-29T05:48:07Z][2025-11-29T04:54:52Z][2026-06-02T18:04:06Z]}
{"logTime": "0626/202633", "correlationVector":"pphuv0JuAIv1TgPt/MYwG/","action":"Initial GetUpdates", "result":"", "context":Reason: NEW_CLIENT. cV=pphuv0JuAIv1TgPt/MYwG/}
{"logTime": "0626/202633", "correlationVector":"pphuv0JuAIv1TgPt/MYwG/.3","action":"GetUpdates Response", "result":"Success", "context":Received 1 update(s). cV=pphuv0JuAIv1TgPt/MYwG/.0;server=akswtt00500003o;cloudType=Consumer;environment=Prod_centralus_prod-s01-068-nam-centralus;migrationStage=NotStarted}
{"logTime": "0626/202633", "correlationVector":"b9pR/vpu/RKsIdeCN+TGAr","action":"Initial GetUpdates", "result":"", "context":Reason: NEWLY_SUPPORTED_DATATYPE. cV=b9pR/vpu/RKsIdeCN+TGAr}
{"logTime": "0626/202633", "correlationVector":"b9pR/vpu/RKsIdeCN+TGAr.1","action":"SyncServerConnectionManagerRequest", "result":"SYNC_SERVER_OK", "context":{"environment":"Prod_centralus_prod-s01-068-nam-centralus", "migrationStage":"NotStarted", "server":"akswtt00500003o"}}
{"logTime": "0626/202633", "correlationVector":"b9pR/vpu/RKsIdeCN+TGAr.2","action":"ProcessGetUpdates", "result":"Done", "context":{"dataType":"Preferences", "deleted":"11", "process_failed_to_decrypt":"0", "process_pending_decryption":"0", "process_success":"111", "total":"111"}}
{"logTime": "0626/202633", "correlationVector":"b9pR/vpu/RKsIdeCN+TGAr.3","action":"ProcessGetUpdates", "result":"Done", "context":{"dataType":"Passwords", "deleted":"2", "process_failed_to_decrypt":"0", "process_pending_decryption":"0", "process_success":"113", "total":"113"}}
{"logTime": "0626/202633", "correlationVector":"b9pR/vpu/RKsIdeCN+TGAr.4","action":"ProcessGetUpdates", "result":"Done", "context":{"dataType":"Device Info", "deleted":"0", "process_failed_to_decrypt":"0", "process_pending_decryption":"0", "process_success":"10", "total":"10"}}
{"logTime": "0626/202633", "correlationVector":"b9pR/vpu/RKsIdeCN+TGAr.5","action":"GetUpdates Response", "result":"Success", "context":Received 234 update(s). cV=b9pR/vpu/RKsIdeCN+TGAr.0;server=akswtt00500003o;cloudType=Consumer;environment=Prod_centralus_prod-s01-068-nam-centralus;migrationStage=NotStarted}
{"logTime": "0626/202633", "correlationVector":"s2k6moSbcEgfqphp37kOrJ","action":"Initial GetUpdates", "result":"", "context":Reason: NEWLY_SUPPORTED_DATATYPE. cV=s2k6moSbcEgfqphp37kOrJ}
{"logTime": "0626/202633", "correlationVector":"s2k6moSbcEgfqphp37kOrJ.1","action":"SyncServerConnectionManagerRequest", "result":"SYNC_SERVER_OK", "context":{"environment":"Prod_centralus_prod-s01-068-nam-centralus", "migrationStage":"NotStarted", "server":"akswtt00500006n"}}
{"logTime": "0626/202633", "correlationVector":"s2k6moSbcEgfqphp37kOrJ.2","action":"ProcessGetUpdates", "result":"Done", "context":{"dataType":"Bookmarks", "deleted":"1", "process_failed_to_decrypt":"0", "process_pending_decryption":"0", "process_success":"21", "total":"21"}}
{"logTime": "0626/202633", "correlationVector":"s2k6moSbcEgfqphp37kOrJ.3","action":"GetUpdates Response", "result":"Success", "context":Received 21 update(s). cV=s2k6moSbcEgfqphp37kOrJ.0;server=akswtt00500006n;cloudType=Consumer;environment=Prod_centralus_prod-s01-068-nam-centralus;migrationStage=NotStarted}
{"logTime": "0626/202633", "correlationVector":"pdGEMa4/y/St2YBdbXrdDe","action":"Initial GetUpdates", "result":"", "context":Reason: NEWLY_SUPPORTED_DATATYPE. cV=pdGEMa4/y/St2YBdbXrdDe}
{"logTime": "0626/202633", "correlationVector":"pdGEMa4/y/St2YBdbXrdDe.1","action":"SyncServerConnectionManagerRequest", "result":"SYNC_SERVER_OK", "context":{"environment":"Prod_centralus_prod-s01-068-nam-centralus", "migrationStage":"NotStarted", "server":"akswtt005000045"}}
{"logTime": "0626/202633", "correlationVector":"pdGEMa4/y/St2YBdbXrdDe.2","action":"ProcessGetUpdates", "result":"Done", "context":{"dataType":"Autofill", "deleted":"0", "process_failed_to_decrypt":"0", "process_pending_decryption":"0", "process_success":"57", "total":"57"}}
{"logTime": "0626/202633", "correlationVector":"pdGEMa4/y/St2YBdbXrdDe.3","action":"ProcessGetUpdates", "result":"Done", "context":{"dataType":"Extensions", "deleted":"0", "process_failed_to_decrypt":"0", "process_pending_decryption":"0", "process_success":"1", "total":"1"}}
{"logTime": "0626/202633", "correlationVector":"pdGEMa4/y/St2YBdbXrdDe.4","action":"ProcessGetUpdates", "result":"Done", "context":{"dataType":"Sessions", "deleted":"173", "process_failed_to_decrypt":"0", "process_pending_decryption":"0", "process_success":"173", "total":"173"}}
{"logTime": "0626/202633", "correlationVector":"pdGEMa4/y/St2YBdbXrdDe.5","action":"ProcessGetUpdates", "result":"Done", "context":{"dataType":"Saved Tab Group", "deleted":"13", "process_failed_to_decrypt":"0", "process_pending_decryption":"0", "process_success":"15", "total":"15"}}
{"logTime": "0626/202633", "correlationVector":"pdGEMa4/y/St2YBdbXrdDe.6","action":"ProcessGetUpdates", "result":"Done", "context":{"dataType":"Edge Hub App Usage", "deleted":"2", "process_failed_to_decrypt":"0", "process_pending_decryption":"0", "process_success":"4", "total":"4"}}
{"logTime": "0626/202633", "correlationVector":"pdGEMa4/y/St2YBdbXrdDe.7","action":"GetUpdates Response", "result":"Success", "context":Received 250 update(s). cV=pdGEMa4/y/St2YBdbXrdDe.0;server=akswtt005000045;cloudType=Consumer;environment=Prod_centralus_prod-s01-068-nam-centralus;migrationStage=NotStarted Some updates remain.}
{"logTime": "0626/202633", "correlationVector":"F2rYdJU7pNgFPyk8IYWkQv","action":"Initial GetUpdates", "result":"", "context":Reason: NEWLY_SUPPORTED_DATATYPE. cV=F2rYdJU7pNgFPyk8IYWkQv}
{"logTime": "0626/202634", "correlationVector":"F2rYdJU7pNgFPyk8IYWkQv.1","action":"SyncServerConnectionManagerRequest", "result":"SYNC_SERVER_OK", "context":{"environment":"Prod_centralus_prod-s01-068-nam-centralus", "migrationStage":"NotStarted", "server":"akswtt005000071"}}
{"logTime": "0626/202634", "correlationVector":"F2rYdJU7pNgFPyk8IYWkQv.2","action":"ProcessGetUpdates", "result":"Done", "context":{"dataType":"Autofill Profiles", "deleted":"0", "process_failed_to_decrypt":"0", "process_pending_decryption":"0", "process_success":"22", "total":"22"}}
{"logTime": "0626/202634", "correlationVector":"F2rYdJU7pNgFPyk8IYWkQv.3","action":"ProcessGetUpdates", "result":"Done", "context":{"dataType":"Autofill", "deleted":"0", "process_failed_to_decrypt":"0", "process_pending_decryption":"0", "process_success":"155", "total":"155"}}
{"logTime": "0626/202634", "correlationVector":"F2rYdJU7pNgFPyk8IYWkQv.4","action":"ProcessGetUpdates", "result":"Done", "context":{"dataType":"Sessions", "deleted":"71", "process_failed_to_decrypt":"0", "process_pending_decryption":"0", "process_success":"71", "total":"71"}}
{"logTime": "0626/202634", "correlationVector":"F2rYdJU7pNgFPyk8IYWkQv.5","action":"ProcessGetUpdates", "result":"Done", "context":{"dataType":"Saved Tab Group", "deleted":"0", "process_failed_to_decrypt":"0", "process_pending_decryption":"0", "process_success":"2", "total":"2"}}
{"logTime": "0626/202634", "correlationVector":"F2rYdJU7pNgFPyk8IYWkQv.6","action":"GetUpdates Response", "result":"Success", "context":Received 250 update(s). cV=F2rYdJU7pNgFPyk8IYWkQv.0;server=akswtt005000071;cloudType=Consumer;environment=Prod_centralus_prod-s01-068-nam-centralus;migrationStage=NotStarted Some updates remain.}
{"logTime": "0626/202634", "correlationVector":"j70+8Fnh0+P+MU6GAMY3LF","action":"Initial GetUpdates", "result":"", "context":Reason: NEWLY_SUPPORTED_DATATYPE. cV=j70+8Fnh0+P+MU6GAMY3LF}
{"logTime": "0626/202634", "correlationVector":"j70+8Fnh0+P+MU6GAMY3LF.1","action":"SyncServerConnectionManagerRequest", "result":"SYNC_SERVER_OK", "context":{"environment":"Prod_centralus_prod-s01-068-nam-centralus", "migrationStage":"NotStarted", "server":"akswtt00500006o"}}
{"logTime": "0626/202634", "correlationVector":"j70+8Fnh0+P+MU6GAMY3LF.2","action":"ProcessGetUpdates", "result":"Done", "context":{"dataType":"Autofill", "deleted":"0", "process_failed_to_decrypt":"0", "process_pending_decryption":"0", "process_success":"140", "total":"140"}}
{"logTime": "0626/202634", "correlationVector":"j70+8Fnh0+P+MU6GAMY3LF.3","action":"ProcessGetUpdates", "result":"Done", "context":{"dataType":"Sessions", "deleted":"103", "process_failed_to_decrypt":"0", "process_pending_decryption":"0", "process_success":"103", "total":"103"}}
{"logTime": "0626/202634", "correlationVector":"j70+8Fnh0+P+MU6GAMY3LF.4","action":"ProcessGetUpdates", "result":"Done", "context":{"dataType":"Saved Tab Group", "deleted":"1", "process_failed_to_decrypt":"0", "process_pending_decryption":"0", "process_success":"3", "total":"3"}}
{"logTime": "0626/202634", "correlationVector":"j70+8Fnh0+P+MU6GAMY3LF.5","action":"ProcessGetUpdates", "result":"Done", "context":{"dataType":"Edge Hub App Usage", "deleted":"0", "process_failed_to_decrypt":"0", "process_pending_decryption":"0", "process_success":"4", "total":"4"}}
{"logTime": "0626/202634", "correlationVector":"j70+8Fnh0+P+MU6GAMY3LF.6","action":"GetUpdates Response", "result":"Success", "context":Received 250 update(s). cV=j70+8Fnh0+P+MU6GAMY3LF.0;server=akswtt00500006o;cloudType=Consumer;environment=Prod_centralus_prod-s01-068-nam-centralus;migrationStage=NotStarted Some updates remain.}
{"logTime": "0626/202634", "correlationVector":"OA1a95RNyRiqKkdKlrCurc","action":"Initial GetUpdates", "result":"", "context":Reason: NEWLY_SUPPORTED_DATATYPE. cV=OA1a95RNyRiqKkdKlrCurc}
{"logTime": "0626/202634", "correlationVector":"OA1a95RNyRiqKkdKlrCurc.1","action":"SyncServerConnectionManagerRequest", "result":"SYNC_SERVER_OK", "context":{"environment":"Prod_centralus_prod-s01-068-nam-centralus", "migrationStage":"NotStarted", "server":"akswtt00500003o"}}
{"logTime": "0626/202634", "correlationVector":"OA1a95RNyRiqKkdKlrCurc.2","action":"ProcessGetUpdates", "result":"Done", "context":{"dataType":"Autofill Profiles", "deleted":"0", "process_failed_to_decrypt":"0", "process_pending_decryption":"0", "process_success":"1", "total":"1"}}
{"logTime": "0626/202634", "correlationVector":"OA1a95RNyRiqKkdKlrCurc.3","action":"ProcessGetUpdates", "result":"Done", "context":{"dataType":"Autofill", "deleted":"0", "process_failed_to_decrypt":"0", "process_pending_decryption":"0", "process_success":"6", "total":"6"}}
{"logTime": "0626/202634", "correlationVector":"OA1a95RNyRiqKkdKlrCurc.4","action":"ProcessGetUpdates", "result":"Done", "context":{"dataType":"Sessions", "deleted":"131", "process_failed_to_decrypt":"0", "process_pending_decryption":"0", "process_success":"149", "total":"149"}}
{"logTime": "0626/202634", "correlationVector":"OA1a95RNyRiqKkdKlrCurc.5","action":"ProcessGetUpdates", "result":"Done", "context":{"dataType":"Edge Hub App Usage", "deleted":"3", "process_failed_to_decrypt":"0", "process_pending_decryption":"0", "process_success":"7", "total":"7"}}
{"logTime": "0626/202634", "correlationVector":"OA1a95RNyRiqKkdKlrCurc.6","action":"GetUpdates Response", "result":"Success", "context":Received 163 update(s). cV=OA1a95RNyRiqKkdKlrCurc.0;server=akswtt00500003o;cloudType=Consumer;environment=Prod_centralus_prod-s01-068-nam-centralus;migrationStage=NotStarted}
{"logTime": "0626/202634", "correlationVector":"hjYJoR8BLsK++fr816datW","action":"Initial GetUpdates", "result":"", "context":Reason: NEWLY_SUPPORTED_DATATYPE. cV=hjYJoR8BLsK++fr816datW}
{"logTime": "0626/202635", "correlationVector":"hjYJoR8BLsK++fr816datW.1","action":"SyncServerConnectionManagerRequest", "result":"SYNC_SERVER_OK", "context":{"environment":"Prod_centralus_prod-s01-068-nam-centralus", "migrationStage":"NotStarted", "server":"akswtt00500003o"}}
{"logTime": "0626/202635", "correlationVector":"hjYJoR8BLsK++fr816datW.2","action":"ProcessGetUpdates", "result":"Done", "context":{"dataType":"History", "deleted":"0", "process_failed_to_decrypt":"0", "process_pending_decryption":"0", "process_success":"250", "total":"250"}}
{"logTime": "0626/202635", "correlationVector":"hjYJoR8BLsK++fr816datW.3","action":"GetUpdates Response", "result":"Success", "context":Received 250 update(s). cV=hjYJoR8BLsK++fr816datW.0;server=akswtt00500003o;cloudType=Consumer;environment=Prod_centralus_prod-s01-068-nam-centralus;migrationStage=NotStarted Some updates remain.}
{"logTime": "0626/202635", "correlationVector":"rV6n1UqtWEnOg/9PUnuylA","action":"Initial GetUpdates", "result":"", "context":Reason: NEWLY_SUPPORTED_DATATYPE. cV=rV6n1UqtWEnOg/9PUnuylA}
{"logTime": "0626/202635", "correlationVector":"rV6n1UqtWEnOg/9PUnuylA.1","action":"SyncServerConnectionManagerRequest", "result":"SYNC_SERVER_OK", "context":{"environment":"Prod_centralus_prod-s01-068-nam-centralus", "migrationStage":"NotStarted", "server":"akswtt00500006i"}}
{"logTime": "0626/202635", "correlationVector":"rV6n1UqtWEnOg/9PUnuylA.2","action":"ProcessGetUpdates", "result":"Done", "context":{"dataType":"History", "deleted":"0", "process_failed_to_decrypt":"0", "process_pending_decryption":"0", "process_success":"250", "total":"250"}}
{"logTime": "0626/202635", "correlationVector":"rV6n1UqtWEnOg/9PUnuylA.3","action":"GetUpdates Response", "result":"Success", "context":Received 250 update(s). cV=rV6n1UqtWEnOg/9PUnuylA.0;server=akswtt00500006i;cloudType=Consumer;environment=Prod_centralus_prod-s01-068-nam-centralus;migrationStage=NotStarted Some updates remain.}
{"logTime": "0626/202635", "correlationVector":"lv5e3tpl4hqtljM/AB5Ylk","action":"Initial GetUpdates", "result":"", "context":Reason: NEWLY_SUPPORTED_DATATYPE. cV=lv5e3tpl4hqtljM/AB5Ylk}
{"logTime": "0626/202635", "correlationVector":"lv5e3tpl4hqtljM/AB5Ylk.1","action":"SyncServerConnectionManagerRequest", "result":"SYNC_SERVER_OK", "context":{"environment":"Prod_centralus_prod-s01-068-nam-centralus", "migrationStage":"NotStarted", "server":"akswtt00500003o"}}
{"logTime": "0626/202635", "correlationVector":"lv5e3tpl4hqtljM/AB5Ylk.2","action":"ProcessGetUpdates", "result":"Done", "context":{"dataType":"History", "deleted":"0", "process_failed_to_decrypt":"0", "process_pending_decryption":"0", "process_success":"250", "total":"250"}}
{"logTime": "0626/202635", "correlationVector":"lv5e3tpl4hqtljM/AB5Ylk.3","action":"GetUpdates Response", "result":"Success", "context":Received 250 update(s). cV=lv5e3tpl4hqtljM/AB5Ylk.0;server=akswtt00500003o;cloudType=Consumer;environment=Prod_centralus_prod-s01-068-nam-centralus;migrationStage=NotStarted Some updates remain.}
{"logTime": "0626/202635", "correlationVector":"XSX5vDdYz1SeWpg/ogC3lh","action":"Initial GetUpdates", "result":"", "context":Reason: NEWLY_SUPPORTED_DATATYPE. cV=XSX5vDdYz1SeWpg/ogC3lh}
{"logTime": "0626/202636", "correlationVector":"XSX5vDdYz1SeWpg/ogC3lh.1","action":"SyncServerConnectionManagerRequest", "result":"SYNC_SERVER_OK", "context":{"environment":"Prod_centralus_prod-s01-068-nam-centralus", "migrationStage":"NotStarted", "server":"akswtt00500006j"}}
{"logTime": "0626/202636", "correlationVector":"XSX5vDdYz1SeWpg/ogC3lh.2","action":"ProcessGetUpdates", "result":"Done", "context":{"dataType":"History", "deleted":"0", "process_failed_to_decrypt":"0", "process_pending_decryption":"0", "process_success":"250", "total":"250"}}
{"logTime": "0626/202636", "correlationVector":"XSX5vDdYz1SeWpg/ogC3lh.3","action":"GetUpdates Response", "result":"Success", "context":Received 250 update(s). cV=XSX5vDdYz1SeWpg/ogC3lh.0;server=akswtt00500006j;cloudType=Consumer;environment=Prod_centralus_prod-s01-068-nam-centralus;migrationStage=NotStarted Some updates remain.}
{"logTime": "0626/202636", "correlationVector":"HfgKBn/FVyWobpU6E81dfh","action":"Initial GetUpdates", "result":"", "context":Reason: NEWLY_SUPPORTED_DATATYPE. cV=HfgKBn/FVyWobpU6E81dfh}
{"logTime": "0626/202636", "correlationVector":"HfgKBn/FVyWobpU6E81dfh.1","action":"SyncServerConnectionManagerRequest", "result":"SYNC_SERVER_OK", "context":{"environment":"Prod_centralus_prod-s01-068-nam-centralus", "migrationStage":"NotStarted", "server":"akswtt00500007p"}}
{"logTime": "0626/202636", "correlationVector":"HfgKBn/FVyWobpU6E81dfh.2","action":"ProcessGetUpdates", "result":"Done", "context":{"dataType":"History", "deleted":"0", "process_failed_to_decrypt":"0", "process_pending_decryption":"0", "process_success":"250", "total":"250"}}
{"logTime": "0626/202636", "correlationVector":"HfgKBn/FVyWobpU6E81dfh.3","action":"GetUpdates Response", "result":"Success", "context":Received 250 update(s). cV=HfgKBn/FVyWobpU6E81dfh.0;server=akswtt00500007p;cloudType=Consumer;environment=Prod_centralus_prod-s01-068-nam-centralus;migrationStage=NotStarted Some updates remain.}
{"logTime": "0626/202636", "correlationVector":"uiIy5SZuevEY5t364m0P1w","action":"Initial GetUpdates", "result":"", "context":Reason: NEWLY_SUPPORTED_DATATYPE. cV=uiIy5SZuevEY5t364m0P1w}
{"logTime": "0626/202637", "correlationVector":"uiIy5SZuevEY5t364m0P1w.1","action":"SyncServerConnectionManagerRequest", "result":"SYNC_SERVER_OK", "context":{"environment":"Prod_centralus_prod-s01-068-nam-centralus", "migrationStage":"NotStarted", "server":"akswtt00500003l"}}
{"logTime": "0626/202637", "correlationVector":"uiIy5SZuevEY5t364m0P1w.2","action":"ProcessGetUpdates", "result":"Done", "context":{"dataType":"History", "deleted":"0", "process_failed_to_decrypt":"0", "process_pending_decryption":"0", "process_success":"250", "total":"250"}}
{"logTime": "0626/202637", "correlationVector":"uiIy5SZuevEY5t364m0P1w.3","action":"GetUpdates Response", "result":"Success", "context":Received 250 update(s). cV=uiIy5SZuevEY5t364m0P1w.0;server=akswtt00500003l;cloudType=Consumer;environment=Prod_centralus_prod-s01-068-nam-centralus;migrationStage=NotStarted Some updates remain.}
{"logTime": "0626/202637", "correlationVector":"18HdHVOHXltKsWH+Y6KkbE","action":"Initial GetUpdates", "result":"", "context":Reason: NEWLY_SUPPORTED_DATATYPE. cV=18HdHVOHXltKsWH+Y6KkbE}
{"logTime": "0626/202637", "correlationVector":"18HdHVOHXltKsWH+Y6KkbE.1","action":"SyncServerConnectionManagerRequest", "result":"SYNC_SERVER_OK", "context":{"environment":"Prod_centralus_prod-s01-068-nam-centralus", "migrationStage":"NotStarted", "server":"akswtt005000071"}}
{"logTime": "0626/202637", "correlationVector":"18HdHVOHXltKsWH+Y6KkbE.2","action":"ProcessGetUpdates", "result":"Done", "context":{"dataType":"History", "deleted":"0", "process_failed_to_decrypt":"0", "process_pending_decryption":"0", "process_success":"250", "total":"250"}}
{"logTime": "0626/202637", "correlationVector":"18HdHVOHXltKsWH+Y6KkbE.3","action":"GetUpdates Response", "result":"Success", "context":Received 250 update(s). cV=18HdHVOHXltKsWH+Y6KkbE.0;server=akswtt005000071;cloudType=Consumer;environment=Prod_centralus_prod-s01-068-nam-centralus;migrationStage=NotStarted Some updates remain.}
{"logTime": "0626/202637", "correlationVector":"ez3/TG7f+beJJLmtKXEm84","action":"Initial GetUpdates", "result":"", "context":Reason: NEWLY_SUPPORTED_DATATYPE. cV=ez3/TG7f+beJJLmtKXEm84}
{"logTime": "0626/202637", "correlationVector":"ez3/TG7f+beJJLmtKXEm84.1","action":"SyncServerConnectionManagerRequest", "result":"SYNC_SERVER_OK", "context":{"environment":"Prod_centralus_prod-s01-068-nam-centralus", "migrationStage":"NotStarted", "server":"akswtt00500006j"}}
{"logTime": "0626/202637", "correlationVector":"ez3/TG7f+beJJLmtKXEm84.2","action":"ProcessGetUpdates", "result":"Done", "context":{"dataType":"History", "deleted":"0", "process_failed_to_decrypt":"0", "process_pending_decryption":"0", "process_success":"199", "total":"199"}}
{"logTime": "0626/202637", "correlationVector":"ez3/TG7f+beJJLmtKXEm84.3","action":"GetUpdates Response", "result":"Success", "context":Received 199 update(s). cV=ez3/TG7f+beJJLmtKXEm84.0;server=akswtt00500006j;cloudType=Consumer;environment=Prod_centralus_prod-s01-068-nam-centralus;migrationStage=NotStarted}
{"logTime": "0626/202656", "correlationVector":"VdN2Vd9YmnZf3cmoqvr2W8","action":"Normal GetUpdate request", "result":"", "context":cV=VdN2Vd9YmnZf3cmoqvr2W8
Nudged types: Sessions, Device Info
Refresh requested types: Bookmarks, Preferences, Passwords, Autofill Profiles, Autofill, Extensions, Sessions, Extension settings, History Delete Directives, Device Info, User Consents, Send Tab To Self, Web Apps, History, Saved Tab Group, WebAuthn Credentials, Edge E Drop, Edge Hub App Usage, Edge Wallet, Edge Workspace, Encryption Keys}
{"logTime": "0626/202656", "correlationVector":"VdN2Vd9YmnZf3cmoqvr2W8.1","action":"SyncServerConnectionManagerRequest", "result":"SYNC_SERVER_OK", "context":{"environment":"Prod_centralus_prod-s01-068-nam-centralus", "migrationStage":"NotStarted", "server":"akswtt00500007p"}}
{"logTime": "0626/202656", "correlationVector":"VdN2Vd9YmnZf3cmoqvr2W8.2","action":"GetUpdates Response", "result":"Success", "context":Received 0 update(s). cV=VdN2Vd9YmnZf3cmoqvr2W8.0;server=akswtt00500007p;cloudType=Consumer;environment=Prod_centralus_prod-s01-068-nam-centralus;migrationStage=NotStarted}
{"logTime": "0626/202656", "correlationVector":"I85C8kUWUxo948f5k5Vmya","action":"Commit Request", "result":"", "context":Item count: 3
Contributing types: Sessions, Device Info}
{"logTime": "0626/202656", "correlationVector":"I85C8kUWUxo948f5k5Vmya.1","action":"SyncServerConnectionManagerRequest", "result":"SYNC_SERVER_OK", "context":{"environment":"Prod_centralus_prod-s01-068-nam-centralus", "migrationStage":"NotStarted", "server":"akswtt00500006u"}}
{"logTime": "0626/202656", "correlationVector":"I85C8kUWUxo948f5k5Vmya.2","action":"Commit Response", "result":"Success", "context":Result: Success. cV=I85C8kUWUxo948f5k5Vmya.0;server=akswtt00500006u;cloudType=Consumer;environment=Prod_centralus_prod-s01-068-nam-centralus;migrationStage=NotStarted}
{"logTime": "0626/202657", "correlationVector":"hENYWVKzTsGoEEkyOspZkU","action":"Commit Request", "result":"", "context":Item count: 2
Contributing types: Sessions, History}
{"logTime": "0626/202657", "correlationVector":"hENYWVKzTsGoEEkyOspZkU.1","action":"SyncServerConnectionManagerRequest", "result":"SYNC_SERVER_OK", "context":{"environment":"Prod_centralus_prod-s01-068-nam-centralus", "migrationStage":"NotStarted", "server":"akswtt00500007p"}}
{"logTime": "0626/202657", "correlationVector":"hENYWVKzTsGoEEkyOspZkU.2","action":"Commit Response", "result":"Success", "context":Result: Success. cV=hENYWVKzTsGoEEkyOspZkU.0;server=akswtt00500007p;cloudType=Consumer;environment=Prod_centralus_prod-s01-068-nam-centralus;migrationStage=NotStarted}
{"logTime": "0626/202658", "correlationVector":"a/ygpr2fYsJPY8N1NcBXKn","action":"Normal GetUpdate request", "result":"", "context":cV=a/ygpr2fYsJPY8N1NcBXKn
Notified types: History}
{"logTime": "0626/202658", "correlationVector":"a/ygpr2fYsJPY8N1NcBXKn.1","action":"SyncServerConnectionManagerRequest", "result":"SYNC_SERVER_OK", "context":{"environment":"Prod_centralus_prod-s01-068-nam-centralus", "migrationStage":"NotStarted", "server":"akswtt00500006i"}}
{"logTime": "0626/202658", "correlationVector":"a/ygpr2fYsJPY8N1NcBXKn.2","action":"ProcessGetUpdates", "result":"Done", "context":{"dataType":"Sessions", "deleted":"1", "process_failed_to_decrypt":"0", "process_pending_decryption":"0", "process_success":"6", "total":"6"}}
{"logTime": "0626/202658", "correlationVector":"a/ygpr2fYsJPY8N1NcBXKn.3","action":"ProcessGetUpdates", "result":"Done", "context":{"dataType":"Device Info", "deleted":"0", "process_failed_to_decrypt":"0", "process_pending_decryption":"0", "process_success":"1", "total":"1"}}
{"logTime": "0626/202658", "correlationVector":"a/ygpr2fYsJPY8N1NcBXKn.4","action":"ProcessGetUpdates", "result":"Done", "context":{"dataType":"History", "deleted":"0", "process_failed_to_decrypt":"0", "process_pending_decryption":"0", "process_success":"6", "total":"6"}}
{"logTime": "0626/202658", "correlationVector":"a/ygpr2fYsJPY8N1NcBXKn.5","action":"GetUpdates Response", "result":"Success", "context":Received 13 update(s). cV=a/ygpr2fYsJPY8N1NcBXKn.0;server=akswtt00500006i;cloudType=Consumer;environment=Prod_centralus_prod-s01-068-nam-centralus;migrationStage=NotStarted}
{"logTime": "0626/202714", "correlationVector":"P24fe1EC2ZxlMu2FCqjPmn","action":"Commit Request", "result":"", "context":Item count: 4
Contributing types: Sessions, History}
{"logTime": "0626/202719", "correlationVector":"P24fe1EC2ZxlMu2FCqjPmn.1","action":"SyncServerConnectionManagerRequest", "result":"SYNC_SERVER_OK", "context":{"environment":"Prod_centralus_prod-s01-068-nam-centralus", "migrationStage":"NotStarted", "server":"akswtt00500006p"}}
{"logTime": "0626/202719", "correlationVector":"P24fe1EC2ZxlMu2FCqjPmn.2","action":"Commit Response", "result":"Success", "context":Result: Success. cV=P24fe1EC2ZxlMu2FCqjPmn.0;server=akswtt00500006p;cloudType=Consumer;environment=Prod_centralus_prod-s01-068-nam-centralus;migrationStage=NotStarted}
{"logTime": "0626/202821", "correlationVector":"PfxXkGz5fv1wv5/CVmTHQj","action":"Commit Request", "result":"", "context":Item count: 4
Contributing types: Sessions, History}
{"logTime": "0626/202823", "correlationVector":"PfxXkGz5fv1wv5/CVmTHQj.1","action":"SyncServerConnectionManagerRequest", "result":"SYNC_SERVER_OK", "context":{"environment":"Prod_centralus_prod-s01-068-nam-centralus", "migrationStage":"NotStarted", "server":"akswtt00500003o"}}
{"logTime": "0626/202823", "correlationVector":"PfxXkGz5fv1wv5/CVmTHQj.2","action":"Commit Response", "result":"Success", "context":Result: Success. cV=PfxXkGz5fv1wv5/CVmTHQj.0;server=akswtt00500003o;cloudType=Consumer;environment=Prod_centralus_prod-s01-068-nam-centralus;migrationStage=NotStarted}
{"logTime": "0626/202829", "correlationVector":"7gzy3g4RmN3ZpnphAQpIkF","action":"Commit Request", "result":"", "context":Item count: 40
Contributing types: Passwords}
{"logTime": "0626/202830", "correlationVector":"7gzy3g4RmN3ZpnphAQpIkF.1","action":"SyncServerConnectionManagerRequest", "result":"SYNC_SERVER_OK", "context":{"environment":"Prod_centralus_prod-s01-068-nam-centralus", "migrationStage":"NotStarted", "server":"akswtt00500003l"}}
{"logTime": "0626/202830", "correlationVector":"7gzy3g4RmN3ZpnphAQpIkF.2","action":"Commit Response", "result":"Success", "context":Result: Success. cV=7gzy3g4RmN3ZpnphAQpIkF.0;server=akswtt00500003l;cloudType=Consumer;environment=Prod_centralus_prod-s01-068-nam-centralus;migrationStage=NotStarted}
{"logTime": "0626/202830", "correlationVector":"wVKzG3TxOUehHIMkV7ihDj","action":"Commit Request", "result":"", "context":Item count: 40
Contributing types: Passwords}
{"logTime": "0626/202832", "correlationVector":"wVKzG3TxOUehHIMkV7ihDj.1","action":"SyncServerConnectionManagerRequest", "result":"SYNC_SERVER_OK", "context":{"environment":"Prod_centralus_prod-s01-068-nam-centralus", "migrationStage":"NotStarted", "server":"akswtt00500007y"}}
{"logTime": "0626/202832", "correlationVector":"wVKzG3TxOUehHIMkV7ihDj.2","action":"Commit Response", "result":"Success", "context":Result: Success. cV=wVKzG3TxOUehHIMkV7ihDj.0;server=akswtt00500007y;cloudType=Consumer;environment=Prod_centralus_prod-s01-068-nam-centralus;migrationStage=NotStarted}
{"logTime": "0626/202832", "correlationVector":"gGVOvpdt7VIsavtqVj1sZI","action":"Commit Request", "result":"", "context":Item count: 8
Contributing types: Preferences, Passwords}
{"logTime": "0626/202832", "correlationVector":"gGVOvpdt7VIsavtqVj1sZI.1","action":"SyncServerConnectionManagerRequest", "result":"SYNC_SERVER_OK", "context":{"environment":"Prod_centralus_prod-s01-068-nam-centralus", "migrationStage":"NotStarted", "server":"akswtt00500003l"}}
{"logTime": "0626/202832", "correlationVector":"gGVOvpdt7VIsavtqVj1sZI.2","action":"Commit Response", "result":"Success", "context":Result: Success. cV=gGVOvpdt7VIsavtqVj1sZI.0;server=akswtt00500003l;cloudType=Consumer;environment=Prod_centralus_prod-s01-068-nam-centralus;migrationStage=NotStarted}
{"logTime": "0626/210547", "correlationVector":"kCUmsstqT6s7J0hQXMSvZg","action":"SyncServerConnectionManagerRequest", "result":"CONNECTION_UNAVAILABLE", "context":{"error_type":"net_error_code", "error_value":"-105"}}
{"logTime": "0626/210605", "correlationVector":"keQmmEoCoJWYG94x1aDmQj","action":"SyncServerConnectionManagerRequest", "result":"CONNECTION_UNAVAILABLE", "context":{"error_type":"net_error_code", "error_value":"-105"}}
{"logTime": "0626/210623", "correlationVector":"29vJZrFP4jMoknWiSaKEes","action":"SyncServerConnectionManagerRequest", "result":"CONNECTION_UNAVAILABLE", "context":{"error_type":"net_error_code", "error_value":"-105"}}
{"logTime": "0626/210643", "correlationVector":"tjuKL12c7ZgVnG++kJ7i0W.1","action":"SyncServerConnectionManagerRequest", "result":"SYNC_SERVER_OK", "context":{"environment":"Prod_centralus_prod-s01-068-nam-centralus", "migrationStage":"NotStarted", "server":"akswtt00500003l"}}
{"logTime": "0626/210643", "correlationVector":"tjuKL12c7ZgVnG++kJ7i0W.2","action":"ProcessGetUpdates", "result":"Done", "context":{"dataType":"Encryption Keys", "deleted":"0", "process_failed_to_decrypt":"0", "process_pending_decryption":"0", "process_success":"1", "total":"1"}}
{"logTime": "0626/210643", "correlationVector":"keQmmEoCoJWYG94x1aDmQj","action":"Initial GetUpdates", "result":"", "context":Reason: NEW_CLIENT. cV=keQmmEoCoJWYG94x1aDmQj}
{"logTime": "0626/210643", "correlationVector":"1cOh1uKKtraTwJ4vKA2+pY.0","action":"GetUpdates Response", "result":"Network error (ERR_NAME_NOT_RESOLVED)", "context":Received error: Network error (ERR_NAME_NOT_RESOLVED). }
{"logTime": "0626/210643", "correlationVector":"29vJZrFP4jMoknWiSaKEes","action":"Initial GetUpdates", "result":"", "context":Reason: NEW_CLIENT. cV=29vJZrFP4jMoknWiSaKEes}
{"logTime": "0626/210643", "correlationVector":"jJE9c3Ztd0Y64JS4Nae3cQ.0","action":"GetUpdates Response", "result":"Network error (ERR_NAME_NOT_RESOLVED)", "context":Received error: Network error (ERR_NAME_NOT_RESOLVED). }
{"logTime": "0626/210643", "correlationVector":"tjuKL12c7ZgVnG++kJ7i0W","action":"Initial GetUpdates", "result":"", "context":Reason: NEW_CLIENT. cV=tjuKL12c7ZgVnG++kJ7i0W}
{"logTime": "0626/210643", "correlationVector":"tjuKL12c7ZgVnG++kJ7i0W.3","action":"GetUpdates Response", "result":"Success", "context":Received 1 update(s). cV=tjuKL12c7ZgVnG++kJ7i0W.0;server=akswtt00500003l;cloudType=Consumer;environment=Prod_centralus_prod-s01-068-nam-centralus;migrationStage=NotStarted}
{"logTime": "0626/210643", "correlationVector":"dRFOMDXE7c5c7YWqgIK94T","action":"Normal GetUpdate request", "result":"", "context":cV=dRFOMDXE7c5c7YWqgIK94T
Nudged types: Sessions, History
Refresh requested types: Bookmarks, Preferences, Extensions, Sessions, Extension settings, History Delete Directives, Device Info, User Consents, Send Tab To Self, Web Apps, History, Saved Tab Group, WebAuthn Credentials, Edge E Drop, Edge Hub App Usage, Edge Wallet, Edge Workspace, Encryption Keys}
{"logTime": "0626/210644", "correlationVector":"dRFOMDXE7c5c7YWqgIK94T.1","action":"SyncServerConnectionManagerRequest", "result":"SYNC_SERVER_OK", "context":{"environment":"Prod_centralus_prod-s01-068-nam-centralus", "migrationStage":"NotStarted", "server":"akswtt00500003l"}}
{"logTime": "0626/210644", "correlationVector":"dRFOMDXE7c5c7YWqgIK94T.2","action":"ProcessGetUpdates", "result":"Done", "context":{"dataType":"Preferences", "deleted":"0", "process_failed_to_decrypt":"0", "process_pending_decryption":"0", "process_success":"1", "total":"1"}}
{"logTime": "0626/210644", "correlationVector":"dRFOMDXE7c5c7YWqgIK94T.3","action":"ProcessGetUpdates", "result":"Done", "context":{"dataType":"Sessions", "deleted":"1", "process_failed_to_decrypt":"0", "process_pending_decryption":"0", "process_success":"3", "total":"3"}}
{"logTime": "0626/210644", "correlationVector":"dRFOMDXE7c5c7YWqgIK94T.4","action":"ProcessGetUpdates", "result":"Done", "context":{"dataType":"History", "deleted":"0", "process_failed_to_decrypt":"0", "process_pending_decryption":"0", "process_success":"5", "total":"5"}}
{"logTime": "0626/210644", "correlationVector":"dRFOMDXE7c5c7YWqgIK94T.5","action":"GetUpdates Response", "result":"Success", "context":Received 9 update(s). cV=dRFOMDXE7c5c7YWqgIK94T.0;server=akswtt00500003l;cloudType=Consumer;environment=Prod_centralus_prod-s01-068-nam-centralus;migrationStage=NotStarted}
{"logTime": "0626/210644", "correlationVector":"MF5t2sU+apNdyyf/bmHLpz","action":"Commit Request", "result":"", "context":Item count: 4
Contributing types: Sessions, History}
{"logTime": "0626/210646", "correlationVector":"MF5t2sU+apNdyyf/bmHLpz.1","action":"SyncServerConnectionManagerRequest", "result":"SYNC_SERVER_OK", "context":{"environment":"Prod_centralus_prod-s01-068-nam-centralus", "migrationStage":"NotStarted", "server":"akswtt00500006m"}}
{"logTime": "0626/210646", "correlationVector":"MF5t2sU+apNdyyf/bmHLpz.2","action":"Commit Response", "result":"Success", "context":Result: Success. cV=MF5t2sU+apNdyyf/bmHLpz.0;server=akswtt00500006m;cloudType=Consumer;environment=Prod_centralus_prod-s01-068-nam-centralus;migrationStage=NotStarted}
{"logTime": "0626/210647", "correlationVector":"p/SlPE2d2AIRlYda9h7ptS","action":"Normal GetUpdate request", "result":"", "context":cV=p/SlPE2d2AIRlYda9h7ptS
Nudged types: Sessions, History
Refresh requested types: Encryption Keys}
{"logTime": "0626/210649", "correlationVector":"p/SlPE2d2AIRlYda9h7ptS.1","action":"SyncServerConnectionManagerRequest", "result":"SYNC_SERVER_OK", "context":{"environment":"Prod_centralus_prod-s01-068-nam-centralus", "migrationStage":"NotStarted", "server":"akswtt00500006m"}}
{"logTime": "0626/210649", "correlationVector":"p/SlPE2d2AIRlYda9h7ptS.2","action":"ProcessGetUpdates", "result":"Done", "context":{"dataType":"Sessions", "deleted":"0", "process_failed_to_decrypt":"0", "process_pending_decryption":"0", "process_success":"2", "total":"2"}}
{"logTime": "0626/210649", "correlationVector":"p/SlPE2d2AIRlYda9h7ptS.3","action":"ProcessGetUpdates", "result":"Done", "context":{"dataType":"History", "deleted":"0", "process_failed_to_decrypt":"0", "process_pending_decryption":"0", "process_success":"2", "total":"2"}}
{"logTime": "0626/210649", "correlationVector":"p/SlPE2d2AIRlYda9h7ptS.4","action":"GetUpdates Response", "result":"Success", "context":Received 4 update(s). cV=p/SlPE2d2AIRlYda9h7ptS.0;server=akswtt00500006m;cloudType=Consumer;environment=Prod_centralus_prod-s01-068-nam-centralus;migrationStage=NotStarted}
{"logTime": "0626/210651", "correlationVector":"1wXa2xeAjzb979/mCGPU3N","action":"SyncServerConnectionManagerRequest", "result":"SYNC_SERVER_OK", "context":{"environment":"", "migrationStage":"", "server":""}}
{"logTime": "0626/210651", "correlationVector":"1wXa2xeAjzb979/mCGPU3N.0","action":"EncryptionKeysFetcher.DownloadKeys:", "result":"Success", "context":Key count: 10, Last key timestamp: 2026-06-02T18:04:06Z}
{"logTime": "0626/210651", "correlationVector":"1wXa2xeAjzb979/mCGPU3N.1","action":"EncryptionKeysManager::SetEncryptionKeys:", "result":"Success", "context":Key names[10]:[zna22YhNmDgTYUdF9zGfGcEBkp93BU0QhFNvaCnB7TYZAm9VrNcWcoIyd9qbT0QRBBd3w2tNfjYmpzY2uW8Gpw==][FuDyV8lvdZoT32s2YvfdXeNNkgEMmKH2ZPBrQQU6utV3iD9OIfSaRe54e5eY9d4MvDL8UNbK8yvndmSNbP7yFQ==][MFGY87kAyALSXqcYbAT+4TxOlZRXDCYK50lmzLQqRT9Oq2dJ4raXhDWQl1wGW2JEfHIbTNgB1jmSRYNP8vPWfA==][LJUkO84C4GeuNWoIjjBRcV1CYZ/S65fHmQMdUyB0uqiGAp5iHoZStrC4sMkOLxX/0XZKNbFmP2+xG+abqN8tJg==][aG/M/23NWZQEumERxBsg6uOXVFoMh5UNmhoT+tI9ISqpdEbFdS36ieUQK1RGWlHB5lY+8Piy6B5mMFWpzQANXw==][wzd7CC/r7wDr7voHFcKId4KePfsivcdg4NcttQx1rckQUOi7v4cfzWl2bGe7tXEnv+ec9hfW8pCGgL8pcmXv8g==][2+HJ30dqrX+Nf+bE7oU/jVjr6U6hZtyFaPau1JBk1Cvq9FXiKor7KkpinFhDkLrvltkd9m9RBHmvLdJ4LQWGjA==][takn+QHECkCugmXvZbCbR6SnVVDAILY5bafe38QrdWYDYJXuNUlvoxc6XQGssujLhPvHewMmAW/KBn6RlYWO+w==][YiMvSFd+i4ko5WHkdzeeqRlnX0c/ennJjTeTazx2yWeyy6bKPOD36SfnzYmwCiz4vzm9bfvlu6e/bLJ05Y0M3w==][m+60iec8yjWa9H6Sy4WUFBbZoOOMUb9eSUe+fgsVl5UQy6lHBKgiGOQSZ520pt1gTFxoKiyFu1mnfMH/1fh1AA==]}
{"logTime": "0626/210651", "correlationVector":"1wXa2xeAjzb979/mCGPU3N.2","action":"EncryptionKeysManager::SetEncryptionKeysWithTimestamps:", "result":"Success", "context":Key timestamps[10]:[2022-06-12T23:29:34Z][2022-12-10T01:24:12Z][2023-06-08T15:07:07Z][2023-08-04T02:31:33Z][2024-03-01T03:15:53Z][2024-08-28T16:30:47Z][2025-03-07T00:48:14Z][2025-07-29T05:48:07Z][2025-11-29T04:54:52Z][2026-06-02T18:04:06Z]}
{"logTime": "0626/210651", "correlationVector":"Nl9UoSQr1pwGFWnBSu7vA9","action":"Initial GetUpdates", "result":"", "context":Reason: NEWLY_SUPPORTED_DATATYPE. cV=Nl9UoSQr1pwGFWnBSu7vA9}
{"logTime": "0626/210653", "correlationVector":"Nl9UoSQr1pwGFWnBSu7vA9.1","action":"SyncServerConnectionManagerRequest", "result":"SYNC_SERVER_OK", "context":{"environment":"Prod_centralus_prod-s01-068-nam-centralus", "migrationStage":"NotStarted", "server":"akswtt00500006y"}}
{"logTime": "0626/210653", "correlationVector":"Nl9UoSQr1pwGFWnBSu7vA9.2","action":"ProcessGetUpdates", "result":"Done", "context":{"dataType":"Passwords", "deleted":"2", "process_failed_to_decrypt":"0", "process_pending_decryption":"0", "process_success":"113", "total":"113"}}
{"logTime": "0626/210653", "correlationVector":"Nl9UoSQr1pwGFWnBSu7vA9.3","action":"GetUpdates Response", "result":"Success", "context":Received 113 update(s). cV=Nl9UoSQr1pwGFWnBSu7vA9.0;server=akswtt00500006y;cloudType=Consumer;environment=Prod_centralus_prod-s01-068-nam-centralus;migrationStage=NotStarted}
{"logTime": "0626/210656", "correlationVector":"Qt3yYJQAOQfzVbZTYev27B","action":"Normal GetUpdate request", "result":"", "context":cV=Qt3yYJQAOQfzVbZTYev27B
Refresh requested types: Bookmarks, Preferences, Passwords, Autofill Profiles, Autofill, Extensions, Sessions, Extension settings, History Delete Directives, Device Info, User Consents, Send Tab To Self, Web Apps, History, Saved Tab Group, WebAuthn Credentials, Edge E Drop, Edge Hub App Usage, Edge Wallet, Edge Workspace, Encryption Keys}
{"logTime": "0626/210656", "correlationVector":"Qt3yYJQAOQfzVbZTYev27B.1","action":"SyncServerConnectionManagerRequest", "result":"SYNC_SERVER_OK", "context":{"environment":"Prod_centralus_prod-s01-068-nam-centralus", "migrationStage":"NotStarted", "server":"akswtt00500003m"}}
{"logTime": "0626/210656", "correlationVector":"Qt3yYJQAOQfzVbZTYev27B.2","action":"GetUpdates Response", "result":"Success", "context":Received 0 update(s). cV=Qt3yYJQAOQfzVbZTYev27B.0;server=akswtt00500003m;cloudType=Consumer;environment=Prod_centralus_prod-s01-068-nam-centralus;migrationStage=NotStarted}
{"logTime": "0626/211109", "correlationVector":"cG53y8G0j+ey/HwHv2DdfL","action":"Commit Request", "result":"", "context":Item count: 39
Contributing types: Preferences, Passwords}
{"logTime": "0626/211113", "correlationVector":"cG53y8G0j+ey/HwHv2DdfL.1","action":"SyncServerConnectionManagerRequest", "result":"SYNC_SERVER_OK", "context":{"environment":"Prod_centralus_prod-s01-068-nam-centralus", "migrationStage":"NotStarted", "server":"akswtt00500005g"}}
{"logTime": "0626/211113", "correlationVector":"cG53y8G0j+ey/HwHv2DdfL.2","action":"Commit Response", "result":"Success", "context":Result: Success. cV=cG53y8G0j+ey/HwHv2DdfL.0;server=akswtt00500005g;cloudType=Consumer;environment=Prod_centralus_prod-s01-068-nam-centralus;migrationStage=NotStarted}
{"logTime": "0626/211344", "correlationVector":"MFGjRqxpt/Tuq3sYa9inEp","action":"Commit Request", "result":"", "context":Item count: 7
Contributing types: Sessions, History}
{"logTime": "0626/211404", "correlationVector":"MFGjRqxpt/Tuq3sYa9inEp.1","action":"SyncServerConnectionManagerRequest", "result":"SYNC_SERVER_OK", "context":{"environment":"Prod_centralus_prod-s01-068-nam-centralus", "migrationStage":"NotStarted", "server":"akswtt005000057"}}
{"logTime": "0626/211404", "correlationVector":"MFGjRqxpt/Tuq3sYa9inEp.2","action":"Commit Response", "result":"Success", "context":Result: Success. cV=MFGjRqxpt/Tuq3sYa9inEp.0;server=akswtt005000057;cloudType=Consumer;environment=Prod_centralus_prod-s01-068-nam-centralus;migrationStage=NotStarted}
